Component: ARM Compiler 5.06 update 6 (build 750) Tool: armlink [4d35ed]

==============================================================================

Section Cross References

    main.o(i.Task_LCD) refers to _printf_percent.o(.ARM.Collect$$_printf_percent$$00000000) for _printf_percent
    main.o(i.Task_LCD) refers to _printf_s.o(.ARM.Collect$$_printf_percent$$00000014) for _printf_s
    main.o(i.Task_LCD) refers to _printf_str.o(.text) for _printf_str
    main.o(i.Task_LCD) refers to _printf_pad.o(.text) for _printf_pre_padding
    main.o(i.Task_LCD) refers to _printf_truncate.o(.text) for _printf_truncate_unsigned
    main.o(i.Task_LCD) refers to _printf_u.o(.ARM.Collect$$_printf_percent$$0000000A) for _printf_u
    main.o(i.Task_LCD) refers to _printf_dec.o(.text) for _printf_int_dec
    main.o(i.Task_LCD) refers to ds1307.o(i.ds1307_get_calendar_date) for ds1307_get_calendar_date
    main.o(i.Task_LCD) refers to ds1307.o(i.ds1307_get_time_24) for ds1307_get_time_24
    main.o(i.Task_LCD) refers to noretval__2sprintf.o(.text) for __2sprintf
    main.o(i.Task_LCD) refers to liquidcrystal_i2c.o(i.LCDI2C_setCursor) for LCDI2C_setCursor
    main.o(i.Task_LCD) refers to liquidcrystal_i2c.o(i.LCDI2C_write_String) for LCDI2C_write_String
    main.o(i.Task_LCD) refers to tasks.o(i.vTaskDelay) for vTaskDelay
    main.o(i.Task_LCD) refers to main.o(.data) for nam
    main.o(i.Task_LCD) refers to main.o(.bss) for bufferday
    main.o(i.UARTx_Getc) refers to stm32f10x_usart.o(i.USART_ReceiveData) for USART_ReceiveData
    main.o(i.USART1_IRQHandler) refers to stm32f10x_usart.o(i.USART_GetITStatus) for USART_GetITStatus
    main.o(i.USART1_IRQHandler) refers to main.o(i.UARTx_Getc) for UARTx_Getc
    main.o(i.USART1_IRQHandler) refers to queue.o(i.xQueueGenericSend) for xQueueGenericSend
    main.o(i.USART1_IRQHandler) refers to main.o(.data) for vrc_Getc
    main.o(i.main) refers to queue.o(i.xQueueGenericCreate) for xQueueGenericCreate
    main.o(i.main) refers to liquidcrystal_i2c.o(i.LCDI2C_init) for LCDI2C_init
    main.o(i.main) refers to ds1307.o(i.ds1307_init) for ds1307_init
    main.o(i.main) refers to liquidcrystal_i2c.o(i.LCDI2C_backlight) for LCDI2C_backlight
    main.o(i.main) refers to tasks.o(i.xTaskCreate) for xTaskCreate
    main.o(i.main) refers to tasks.o(i.vTaskStartScheduler) for vTaskStartScheduler
    main.o(i.main) refers to main.o(.data) for uartQueue
    main.o(i.main) refers to main.o(i.uart_setTime) for uart_setTime
    main.o(i.main) refers to main.o(i.Task_LCD) for Task_LCD
    main.o(i.uart_Init) refers to stm32f10x_rcc.o(i.RCC_APB2PeriphClockCmd) for RCC_APB2PeriphClockCmd
    main.o(i.uart_Init) refers to stm32f10x_gpio.o(i.GPIO_Init) for GPIO_Init
    main.o(i.uart_Init) refers to stm32f10x_usart.o(i.USART_Init) for USART_Init
    main.o(i.uart_Init) refers to stm32f10x_usart.o(i.USART_ITConfig) for USART_ITConfig
    main.o(i.uart_Init) refers to stm32f10x_usart.o(i.USART_Cmd) for USART_Cmd
    main.o(i.uart_setTime) refers to _scanf_int.o(.text) for _scanf_int
    main.o(i.uart_setTime) refers to main.o(i.uart_Init) for uart_Init
    main.o(i.uart_setTime) refers to queue.o(i.xQueueReceive) for xQueueReceive
    main.o(i.uart_setTime) refers to __0sscanf.o(.text) for __0sscanf
    main.o(i.uart_setTime) refers to ds1307.o(i.ds1307_set_calendar_date) for ds1307_set_calendar_date
    main.o(i.uart_setTime) refers to ds1307.o(i.ds1307_set_time_24) for ds1307_set_time_24
    main.o(i.uart_setTime) refers to rt_memclr.o(.text) for __aeabi_memclr
    main.o(i.uart_setTime) refers to main.o(.data) for receivedChar
    main.o(i.uart_setTime) refers to main.o(.bss) for vrc_Res
    main.o(.data) refers to main.o(.conststring) for .conststring
    i2c_lcd.o(i.I2C_ReadData) refers to stm32f10x_i2c.o(i.I2C_CheckEvent) for I2C_CheckEvent
    i2c_lcd.o(i.I2C_ReadData) refers to stm32f10x_i2c.o(i.I2C_ReceiveData) for I2C_ReceiveData
    i2c_lcd.o(i.I2C_StartTransmission) refers to stm32f10x_i2c.o(i.I2C_GetFlagStatus) for I2C_GetFlagStatus
    i2c_lcd.o(i.I2C_StartTransmission) refers to stm32f10x_i2c.o(i.I2C_GenerateSTART) for I2C_GenerateSTART
    i2c_lcd.o(i.I2C_StartTransmission) refers to stm32f10x_i2c.o(i.I2C_CheckEvent) for I2C_CheckEvent
    i2c_lcd.o(i.I2C_StartTransmission) refers to stm32f10x_i2c.o(i.I2C_Send7bitAddress) for I2C_Send7bitAddress
    i2c_lcd.o(i.I2C_WriteData) refers to stm32f10x_i2c.o(i.I2C_SendData) for I2C_SendData
    i2c_lcd.o(i.I2C_WriteData) refers to stm32f10x_i2c.o(i.I2C_CheckEvent) for I2C_CheckEvent
    i2c_lcd.o(i.init_I2C1) refers to stm32f10x_rcc.o(i.RCC_APB2PeriphClockCmd) for RCC_APB2PeriphClockCmd
    i2c_lcd.o(i.init_I2C1) refers to stm32f10x_rcc.o(i.RCC_APB1PeriphClockCmd) for RCC_APB1PeriphClockCmd
    i2c_lcd.o(i.init_I2C1) refers to stm32f10x_i2c.o(i.I2C_Init) for I2C_Init
    i2c_lcd.o(i.init_I2C1) refers to stm32f10x_gpio.o(i.GPIO_Init) for GPIO_Init
    i2c_lcd.o(i.init_I2C1) refers to stm32f10x_i2c.o(i.I2C_Cmd) for I2C_Cmd
[...]
    prvCheckTasksWaitingTermination          0x080021ad   Thumb Code    60  tasks.o(i.prvCheckTasksWaitingTermination)
    i.prvCopyDataFromQueue                   0x080021f4   Section        0  queue.o(i.prvCopyDataFromQueue)
    prvCopyDataFromQueue                     0x080021f5   Thumb Code    42  queue.o(i.prvCopyDataFromQueue)
    i.prvCopyDataToQueue                     0x0800221e   Section        0  queue.o(i.prvCopyDataToQueue)
    prvCopyDataToQueue                       0x0800221f   Thumb Code   126  queue.o(i.prvCopyDataToQueue)
    i.prvDeleteTCB                           0x0800229c   Section        0  tasks.o(i.prvDeleteTCB)
    prvDeleteTCB                             0x0800229d   Thumb Code    40  tasks.o(i.prvDeleteTCB)
    i.prvGetDisinheritPriorityAfterTimeout   0x080022c4   Section        0  queue.o(i.prvGetDisinheritPriorityAfterTimeout)
    prvGetDisinheritPriorityAfterTimeout     0x080022c5   Thumb Code    20  queue.o(i.prvGetDisinheritPriorityAfterTimeout)
    i.prvGetNextExpireTime                   0x080022d8   Section        0  timers.o(i.prvGetNextExpireTime)
    prvGetNextExpireTime                     0x080022d9   Thumb Code    36  timers.o(i.prvGetNextExpireTime)
    i.prvHeapInit                            0x08002300   Section        0  heap_4.o(i.prvHeapInit)
    prvHeapInit                              0x08002301   Thumb Code    98  heap_4.o(i.prvHeapInit)
    i.prvIdleTask                            0x0800237c   Section        0  tasks.o(i.prvIdleTask)
    prvIdleTask                              0x0800237d   Thumb Code    32  tasks.o(i.prvIdleTask)
    i.prvInitialiseMutex                     0x080023a4   Section        0  queue.o(i.prvInitialiseMutex)
    prvInitialiseMutex                       0x080023a5   Thumb Code    30  queue.o(i.prvInitialiseMutex)
    i.prvInitialiseNewQueue                  0x080023c2   Section        0  queue.o(i.prvInitialiseNewQueue)
    prvInitialiseNewQueue                    0x080023c3   Thumb Code    42  queue.o(i.prvInitialiseNewQueue)
    i.prvInitialiseNewTask                   0x080023ec   Section        0  tasks.o(i.prvInitialiseNewTask)
    prvInitialiseNewTask                     0x080023ed   Thumb Code   154  tasks.o(i.prvInitialiseNewTask)
    i.prvInitialiseTaskLists                 0x08002488   Section        0  tasks.o(i.prvInitialiseTaskLists)
    prvInitialiseTaskLists                   0x08002489   Thumb Code    70  tasks.o(i.prvInitialiseTaskLists)
    i.prvInsertBlockIntoFreeList             0x080024f0   Section        0  heap_4.o(i.prvInsertBlockIntoFreeList)
    prvInsertBlockIntoFreeList               0x080024f1   Thumb Code    96  heap_4.o(i.prvInsertBlockIntoFreeList)
    i.prvInsertTimerInActiveList             0x08002558   Section        0  timers.o(i.prvInsertTimerInActiveList)
    prvInsertTimerInActiveList               0x08002559   Thumb Code    80  timers.o(i.prvInsertTimerInActiveList)
    i.prvIsQueueEmpty                        0x080025b0   Section        0  queue.o(i.prvIsQueueEmpty)
    prvIsQueueEmpty                          0x080025b1   Thumb Code    26  queue.o(i.prvIsQueueEmpty)
    i.prvIsQueueFull                         0x080025ca   Section        0  queue.o(i.prvIsQueueFull)
    prvIsQueueFull                           0x080025cb   Thumb Code    30  queue.o(i.prvIsQueueFull)
    i.prvProcessExpiredTimer                 0x080025e8   Section        0  timers.o(i.prvProcessExpiredTimer)
    prvProcessExpiredTimer                   0x080025e9   Thumb Code    62  timers.o(i.prvProcessExpiredTimer)
    i.prvProcessReceivedCommands             0x0800262c   Section        0  timers.o(i.prvProcessReceivedCommands)
    prvProcessReceivedCommands               0x0800262d   Thumb Code   268  timers.o(i.prvProcessReceivedCommands)
    i.prvProcessTimerOrBlockTask             0x0800273c   Section        0  timers.o(i.prvProcessTimerOrBlockTask)
    prvProcessTimerOrBlockTask               0x0800273d   Thumb Code   102  timers.o(i.prvProcessTimerOrBlockTask)
    i.prvReloadTimer                         0x080027b0   Section        0  timers.o(i.prvReloadTimer)
    prvReloadTimer                           0x080027b1   Thumb Code    40  timers.o(i.prvReloadTimer)
    i.prvResetNextTaskUnblockTime            0x080027d8   Section        0  tasks.o(i.prvResetNextTaskUnblockTime)
    prvResetNextTaskUnblockTime              0x080027d9   Thumb Code    40  tasks.o(i.prvResetNextTaskUnblockTime)
    i.prvSampleTimeNow                       0x08002808   Section        0  timers.o(i.prvSampleTimeNow)
    prvSampleTimeNow                         0x08002809   Thumb Code    40  timers.o(i.prvSampleTimeNow)
    i.prvSwitchTimerLists                    0x08002834   Section        0  timers.o(i.prvSwitchTimerLists)
    prvSwitchTimerLists                      0x08002835   Thumb Code    58  timers.o(i.prvSwitchTimerLists)
    i.prvTaskExitError                       0x08002878   Section        0  port.o(i.prvTaskExitError)
    prvTaskExitError                         0x08002879   Thumb Code    22  port.o(i.prvTaskExitError)
    i.prvTimerTask                           0x0800288e   Section        0  timers.o(i.prvTimerTask)
    prvTimerTask                             0x0800288f   Thumb Code    26  timers.o(i.prvTimerTask)
    i.prvUnlockQueue                         0x080028a8   Section        0  queue.o(i.prvUnlockQueue)
    prvUnlockQueue                           0x080028a9   Thumb Code   126  queue.o(i.prvUnlockQueue)
    i.pvPortMalloc                           0x08002928   Section        0  heap_4.o(i.pvPortMalloc)
    i.pvTaskIncrementMutexHeldCount          0x08002a24   Section        0  tasks.o(i.pvTaskIncrementMutexHeldCount)
    i.pxPortInitialiseStack                  0x08002a44   Section        0  port.o(i.pxPortInitialiseStack)
    i.uart_Init                              0x08002a68   Section        0  main.o(i.uart_Init)
    i.uart_setTime                           0x08002b20   Section        0  main.o(i.uart_setTime)
    i.uxListRemove                           0x08002c2c   Section        0  list.o(i.uxListRemove)
    i.vApplicationGetIdleTaskMemory          0x08002c54   Section        0  cmsis_os2.o(i.vApplicationGetIdleTaskMemory)
    i.vApplicationGetTimerTaskMemory         0x08002c6c   Section        0  cmsis_os2.o(i.vApplicationGetTimerTaskMemory)
    i.vApplicationStackOverflowHook          0x08002c84   Section        0  cmsis_os2.o(i.vApplicationStackOverflowHook)
    i.vListInitialise                        0x08002c86   Section        0  list.o(i.vListInitialise)
    i.vListInitialiseItem                    0x08002ca0   Section        0  list.o(i.vListInitialiseItem)
    i.vListInsert                            0x08002ca6   Section        0  list.o(i.vListInsert)
    i.vPortEnterCritical                     0x08002cdc   Section        0  port.o(i.vPortEnterCritical)
    i.vPortExitCritical                      0x08002d00   Section        0  port.o(i.vPortExitCritical)
    i.vPortFree                              0x08002d20   Section        0  heap_4.o(i.vPortFree)
    i.vPortSetupTimerInterrupt               0x08002d78   Section        0  port.o(i.vPortSetupTimerInterrupt)
    i.vQueueDelete                           0x08002da0   Section        0  queue.o(i.vQueueDelete)
    i.vQueueWaitForMessageRestricted         0x08002db4   Section        0  queue.o(i.vQueueWaitForMessageRestricted)
    i.vTaskDelay                             0x08002e00   Section        0  tasks.o(i.vTaskDelay)
    i.vTaskInternalSetTimeOutState           0x08002e34   Section        0  tasks.o(i.vTaskInternalSetTimeOutState)
    i.vTaskMissedYield                       0x08002e4c   Section        0  tasks.o(i.vTaskMissedYield)
    i.vTaskPlaceOnEventList                  0x08002e58   Section        0  tasks.o(i.vTaskPlaceOnEventList)
    i.vTaskPlaceOnEventListRestricted        0x08002e78   Section        0  tasks.o(i.vTaskPlaceOnEventListRestricted)
    i.vTaskPriorityDisinheritAfterTimeout    0x08002ec4   Section        0  tasks.o(i.vTaskPriorityDisinheritAfterTimeout)
    i.vTaskStartScheduler                    0x08002f84   Section        0  tasks.o(i.vTaskStartScheduler)
    i.vTaskSuspendAll                        0x08003020   Section        0  tasks.o(i.vTaskSuspendAll)
    i.vTaskSwitchContext                     0x08003030   Section        0  tasks.o(i.vTaskSwitchContext)
    i.xPortStartScheduler                    0x080030e0   Section        0  port.o(i.xPortStartScheduler)
    i.xPortSysTickHandler                    0x08003114   Section        0  port.o(i.xPortSysTickHandler)
    i.xQueueCreateMutex                      0x08003148   Section        0  queue.o(i.xQueueCreateMutex)
    i.xQueueCreateMutexStatic                0x0800316a   Section        0  queue.o(i.xQueueCreateMutexStatic)
    i.xQueueGenericCreate                    0x08003194   Section        0  queue.o(i.xQueueGenericCreate)
    i.xQueueGenericCreateStatic              0x080031e6   Section        0  queue.o(i.xQueueGenericCreateStatic)
    i.xQueueGenericReset                     0x08003224   Section        0  queue.o(i.xQueueGenericReset)
    i.xQueueGenericSend                      0x080032c4   Section        0  queue.o(i.xQueueGenericSend)
    i.xQueueReceive                          0x080033dc   Section        0  queue.o(i.xQueueReceive)
    i.xQueueSemaphoreTake                    0x080034e0   Section        0  queue.o(i.xQueueSemaphoreTake)
    i.xTaskCheckForTimeOut                   0x08003610   Section        0  tasks.o(i.xTaskCheckForTimeOut)
    i.xTaskCreate                            0x08003670   Section        0  tasks.o(i.xTaskCreate)
    i.xTaskCreateStatic                      0x080036d4   Section        0  tasks.o(i.xTaskCreateStatic)
    i.xTaskGetSchedulerState                 0x08003724   Section        0  tasks.o(i.xTaskGetSchedulerState)
    i.xTaskGetTickCount                      0x08003744   Section        0  tasks.o(i.xTaskGetTickCount)
    i.xTaskIncrementTick                     0x08003750   Section        0  tasks.o(i.xTaskIncrementTick)
    i.xTaskPriorityDisinherit                0x080038e0   Section        0  tasks.o(i.xTaskPriorityDisinherit)
    i.xTaskPriorityInherit                   0x08003974   Section        0  tasks.o(i.xTaskPriorityInherit)
    i.xTaskRemoveFromEventList               0x08003a4c   Section        0  tasks.o(i.xTaskRemoveFromEventList)
    i.xTaskResumeAll                         0x08003b54   Section        0  tasks.o(i.xTaskResumeAll)
    i.xTimerCreateTimerTask                  0x08003cac   Section        0  timers.o(i.xTimerCreateTimerTask)
    locale$$code                             0x08003d0c   Section       44  lc_ctype_c.o(locale$$code)
    .constdata                               0x08003d38   Section       16  liquidcrystal_i2c.o(.constdata)
    .constdata                               0x08003d48   Section       17  __printf_flags_ss_wp.o(.constdata)
    maptable                                 0x08003d48   Data          17  __printf_flags_ss_wp.o(.constdata)
    .conststring                             0x08003d5c   Section       28  main.o(.conststring)
    locale$$data                             0x08003d98   Section      272  lc_ctype_c.o(locale$$data)
    __lcctype_c_name                         0x08003d9c   Data           2  lc_ctype_c.o(locale$$data)
    __lcctype_c_start                        0x08003da4   Data           0  lc_ctype_c.o(locale$$data)
    __lcctype_c_end                          0x08003ea8   Data           0  lc_ctype_c.o(locale$$data)
    .data                                    0x20000000   Section       60  main.o(.data)
    .data                                    0x2000003c   Section        4  i2c_lcd.o(.data)
    .data                                    0x20000040   Section        8  liquidcrystal_i2c.o(.data)
    .data                                    0x20000048   Section       20  stm32f10x_rcc.o(.data)
    APBAHBPrescTable                         0x20000048   Data          16  stm32f10x_rcc.o(.data)
    ADCPrescTable                            0x20000058   Data           4  stm32f10x_rcc.o(.data)
    .data                                    0x2000005c   Section       20  system_stm32f10x.o(.data)
    .data                                    0x20000070   Section       32  heap_4.o(.data)
    xStart                                   0x20000070   Data           8  heap_4.o(.data)
    pxEnd                                    0x20000078   Data           4  heap_4.o(.data)
    xFreeBytesRemaining                      0x2000007c   Data           4  heap_4.o(.data)
    xMinimumEverFreeBytesRemaining           0x20000080   Data           4  heap_4.o(.data)
    xNumberOfSuccessfulAllocations           0x20000084   Data           4  heap_4.o(.data)
    xNumberOfSuccessfulFrees                 0x20000088   Data           4  heap_4.o(.data)
    xBlockAllocatedBit                       0x2000008c   Data           4  heap_4.o(.data)
    .data                                    0x20000090   Section        4  port.o(.data)
    uxCriticalNesting                        0x20000090   Data           4  port.o(.data)
    .data                                    0x20000094   Section       64  tasks.o(.data)
    pxDelayedTaskList                        0x20000098   Data           4  tasks.o(.data)
    pxOverflowDelayedTaskList                0x2000009c   Data           4  tasks.o(.data)
    uxDeletedTasksWaitingCleanUp             0x200000a0   Data           4  tasks.o(.data)
    uxCurrentNumberOfTasks                   0x200000a4   Data           4  tasks.o(.data)
    xTickCount                               0x200000a8   Data           4  tasks.o(.data)
    uxTopReadyPriority                       0x200000ac   Data           4  tasks.o(.data)
    xSchedulerRunning                        0x200000b0   Data           4  tasks.o(.data)
    xPendedTicks                             0x200000b4   Data           4  tasks.o(.data)
    xYieldPending                            0x200000b8   Data           4  tasks.o(.data)
    xNumOfOverflows                          0x200000bc   Data           4  tasks.o(.data)
    uxTaskNumber                             0x200000c0   Data           4  tasks.o(.data)
    xNextTaskUnblockTime                     0x200000c4   Data           4  tasks.o(.data)
    xIdleTaskHandle                          0x200000c8   Data           4  tasks.o(.data)
    uxSchedulerSuspended                     0x200000d0   Data           4  tasks.o(.data)
    .data                                    0x200000d4   Section       20  timers.o(.data)
    pxCurrentTimerList                       0x200000d4   Data           4  timers.o(.data)
    pxOverflowTimerList                      0x200000d8   Data           4  timers.o(.data)
    xTimerQueue                              0x200000dc   Data           4  timers.o(.data)
    xTimerTaskHandle                         0x200000e0   Data           4  timers.o(.data)
    xLastTime                                0x200000e4   Data           4  timers.o(.data)
    .bss                                     0x200000e8   Section      250  main.o(.bss)
    .bss                                     0x200001e4   Section       16  i2c_lcd.o(.bss)
    .bss                                     0x200001f4   Section      916  clib_arm.o(.bss)
    os_libspace                              0x200001f4   Data         480  clib_arm.o(.bss)
    os_libspace_id                           0x200003d4   Data          16  clib_arm.o(.bss)
    clib_mutex_cb                            0x200003e4   Data         400  clib_arm.o(.bss)
    clib_mutex_id                            0x20000574   Data          20  clib_arm.o(.bss)
    .bss                                     0x20000588   Section     1016  cmsis_os2.o(.bss)
    Idle_TCB                                 0x20000588   Data          92  cmsis_os2.o(.bss)
    Idle_Stack                               0x200005e4   Data         512  cmsis_os2.o(.bss)
    Timer_TCB                                0x200007e4   Data          92  cmsis_os2.o(.bss)
    Timer_Stack                              0x20000840   Data         320  cmsis_os2.o(.bss)
    .bss                                     0x20000980   Section     8192  heap_4.o(.bss)
    ucHeap                                   0x20000980   Data        8192  heap_4.o(.bss)
    .bss                                     0x20002980   Section     1220  tasks.o(.bss)
    pxReadyTasksLists                        0x20002980   Data        1120  tasks.o(.bss)
    xDelayedTaskList1                        0x20002de0   Data          20  tasks.o(.bss)
    xDelayedTaskList2                        0x20002df4   Data          20  tasks.o(.bss)
    xPendingReadyList                        0x20002e08   Data          20  tasks.o(.bss)
    xTasksWaitingTermination                 0x20002e1c   Data          20  tasks.o(.bss)
    xSuspendedTaskList                       0x20002e30   Data          20  tasks.o(.bss)
    .bss                                     0x20002e44   Section      200  timers.o(.bss)
    xActiveTimerList1                        0x20002e44   Data          20  timers.o(.bss)
    xActiveTimerList2                        0x20002e58   Data          20  timers.o(.bss)
    xStaticTimerQueue                        0x20002e6c   Data          80  timers.o(.bss)
    ucStaticTimerQueueStorage                0x20002ebc   Data          80  timers.o(.bss)
    .bss                                     0x20002f0c   Section       96  libspace.o(.bss)
    HEAP                                     0x20002f70   Section      512  startup_stm32f10x_md.o(HEAP)
    Heap_Mem                                 0x20002f70   Data         512  startup_stm32f10x_md.o(HEAP)
    STACK                                    0x20003170   Section     1024  startup_stm32f10x_md.o(STACK)
    Stack_Mem                                0x20003170   Data        1024  startup_stm32f10x_md.o(STACK)
    __initial_sp                             0x20003570   Data           0  startup_stm32f10x_md.o(STACK)

    Global Symbols

    Symbol Name                              Value     Ov Type        Size  Object(Section)

    BuildAttributes$$THM_ISAv4$P$D$K$B$S$PE$A:L22UL41UL21$X:L11$S22US41US21$IEEE1$IW$USESV6$~STKCKD$USESV7$~SHL$OSPACE$ROPI$EBA8$UX$STANDARDLIB$REQ8$PRES8$EABIv2 0x00000000   Number         0  anon$$obj.o ABSOLUTE
    __ARM_use_no_argv                        0x00000000   Number         0  main.o ABSOLUTE
    _printf_flags                            0x00000000   Number         0  printf_stubs.o ABSOLUTE
    _printf_return_value                     0x00000000   Number         0  printf_stubs.o ABSOLUTE
    _printf_sizespec                         0x00000000   Number         0  printf_stubs.o ABSOLUTE
    _printf_widthprec                        0x00000000   Number         0  printf_stubs.o ABSOLUTE
    __ARM_exceptions_init                     - Undefined Weak Reference
    __alloca_initialize                       - Undefined Weak Reference
    __arm_preinit_                            - Undefined Weak Reference
    __cpp_initialize__aeabi_                  - Undefined Weak Reference
    __cxa_finalize                            - Undefined Weak Reference
    __sigvec_lookup                           - Undefined Weak Reference
    _atexit_init                              - Undefined Weak Reference
    _call_atexit_fns                          - Undefined Weak Reference
    _clock_init                               - Undefined Weak Reference
    _fp_trap_init                             - Undefined Weak Reference
    _fp_trap_shutdown                         - Undefined Weak Reference
    _get_lc_collate                           - Undefined Weak Reference
    _get_lc_monetary                          - Undefined Weak Reference
    _get_lc_numeric                           - Undefined Weak Reference
    _get_lc_time                              - Undefined Weak Reference
    _getenv_init                              - Undefined Weak Reference
    _handle_redirection                       - Undefined Weak Reference
    _init_alloc                               - Undefined Weak Reference
    _init_user_alloc                          - Undefined Weak Reference
    _initio                                   - Undefined Weak Reference
    _printf_mbtowc                            - Undefined Weak Reference
    _rand_init                                - Undefined Weak Reference
    _scanf_longlong                           - Undefined Weak Reference
    _scanf_mbtowc                             - Undefined Weak Reference
    _scanf_real                               - Undefined Weak Reference
    _scanf_string                             - Undefined Weak Reference
    _scanf_wctomb                             - Undefined Weak Reference
    _scanf_wstring                            - Undefined Weak Reference
    _signal_finish                            - Undefined Weak Reference
    _signal_init                              - Undefined Weak Reference
    _terminate_alloc                          - Undefined Weak Reference
    _terminate_user_alloc                     - Undefined Weak Reference
    _terminateio                              - Undefined Weak Reference
    __Vectors_Size                           0x000000ec   Number         0  startup_stm32f10x_md.o ABSOLUTE
    __Vectors                                0x08000000   Data           4  startup_stm32f10x_md.o(RESET)
    __Vectors_End                            0x080000ec   Data           0  startup_stm32f10x_md.o(RESET)
    __main                                   0x080000ed   Thumb Code     8  __main.o(!!!main)
    __scatterload                            0x080000f5   Thumb Code     0  __scatter.o(!!!scatter)
    __scatterload_rt2                        0x080000f5   Thumb Code    44  __scatter.o(!!!scatter)
    __scatterload_rt2_thumb_only             0x080000f5   Thumb Code     0  __scatter.o(!!!scatter)
    __scatterload_null                       0x08000103   Thumb Code     0  __scatter.o(!!!scatter)
    __scatterload_copy                       0x08000129   Thumb Code    26  __scatter_copy.o(!!handler_copy)
    __scatterload_zeroinit                   0x08000145   Thumb Code    28  __scatter_zi.o(!!handler_zi)
    _printf_percent                          0x08000161   Thumb Code     0  _printf_percent.o(.ARM.Collect$$_printf_percent$$00000000)
    _printf_u                                0x08000161   Thumb Code     0  _printf_u.o(.ARM.Collect$$_printf_percent$$0000000A)
    _printf_s                                0x08000167   Thumb Code     0  _printf_s.o(.ARM.Collect$$_printf_percent$$00000014)
    _printf_percent_end                      0x0800016d   Thumb Code     0  _printf_percent_end.o(.ARM.Collect$$_printf_percent$$00000017)
    __rt_lib_init                            0x08000171   Thumb Code     0  libinit.o(.ARM.Collect$$libinit$$00000000)
    __rt_lib_init_fp_1                       0x08000173   Thumb Code     0  libinit2.o(.ARM.Collect$$libinit$$00000002)
    __rt_lib_init_heap_1                     0x08000173   Thumb Code     0  libinit2.o(.ARM.Collect$$libinit$$0000000A)
    __rt_lib_init_lc_common                  0x08000173   Thumb Code     0  libinit2.o(.ARM.Collect$$libinit$$0000000F)
    __rt_lib_init_preinit_1                  0x08000173   Thumb Code     0  libinit2.o(.ARM.Collect$$libinit$$00000004)
    __rt_lib_init_rand_1                     0x08000173   Thumb Code     0  libinit2.o(.ARM.Collect$$libinit$$0000000E)
    __rt_lib_init_user_alloc_1               0x08000173   Thumb Code     0  libinit2.o(.ARM.Collect$$libinit$$0000000C)
    __rt_lib_init_lc_collate_1               0x08000179   Thumb Code     0  libinit2.o(.ARM.Collect$$libinit$$00000011)
    __rt_lib_init_lc_ctype_2                 0x08000179   Thumb Code     0  libinit2.o(.ARM.Collect$$libinit$$00000012)
    __rt_lib_init_alloca_1                   0x08000185   Thumb Code     0  libinit2.o(.ARM.Collect$$libinit$$0000002E)
    __rt_lib_init_argv_1                     0x08000185   Thumb Code     0  libinit2.o(.ARM.Collect$$libinit$$0000002C)
    __rt_lib_init_atexit_1                   0x08000185   Thumb Code     0  libinit2.o(.ARM.Collect$$libinit$$0000001B)
    __rt_lib_init_clock_1                    0x08000185   Thumb Code     0  libinit2.o(.ARM.Collect$$libinit$$00000021)
    __rt_lib_init_cpp_1                      0x08000185   Thumb Code     0  libinit2.o(.ARM.Collect$$libinit$$00000032)
    __rt_lib_init_exceptions_1               0x08000185   Thumb Code     0  libinit2.o(.ARM.Collect$$libinit$$00000030)
    __rt_lib_init_fp_trap_1                  0x08000185   Thumb Code     0  libinit2.o(.ARM.Collect$$libinit$$0000001F)
    __rt_lib_init_getenv_1                   0x08000185   Thumb Code     0  libinit2.o(.ARM.Collect$$libinit$$00000023)
    __rt_lib_init_lc_ctype_1                 0x08000185   Thumb Code     0  libinit2.o(.ARM.Collect$$libinit$$00000013)
    __rt_lib_init_lc_monetary_1              0x08000185   Thumb Code     0  libinit2.o(.ARM.Collect$$libinit$$00000015)
    __rt_lib_init_lc_numeric_1               0x08000185   Thumb Code     0  libinit2.o(.ARM.Collect$$libinit$$00000017)
    __rt_lib_init_lc_time_1                  0x08000185   Thumb Code     0  libinit2.o(.ARM.Collect$$libinit$$00000019)
    __rt_lib_init_return                     0x08000185   Thumb Code     0  libinit2.o(.ARM.Collect$$libinit$$00000033)
    __rt_lib_init_signal_1                   0x08000185   Thumb Code     0  libinit2.o(.ARM.Collect$$libinit$$0000001D)
    __rt_lib_init_stdio_1                    0x08000185   Thumb Code     0  libinit2.o(.ARM.Collect$$libinit$$00000025)
    __rt_lib_shutdown                        0x08000187   Thumb Code     0  libshutdown.o(.ARM.Collect$$libshutdown$$00000000)
    __rt_lib_shutdown_cpp_1                  0x08000189   Thumb Code     0  libshutdown2.o(.ARM.Collect$$libshutdown$$00000002)
    __rt_lib_shutdown_fp_trap_1              0x08000189   Thumb Code     0  libshutdown2.o(.ARM.Collect$$libshutdown$$00000007)
    __rt_lib_shutdown_heap_1                 0x08000189   Thumb Code     0  libshutdown2.o(.ARM.Collect$$libshutdown$$0000000F)
    __rt_lib_shutdown_return                 0x08000189   Thumb Code     0  libshutdown2.o(.ARM.Collect$$libshutdown$$00000010)
    __rt_lib_shutdown_signal_1               0x08000189   Thumb Code     0  libshutdown2.o(.ARM.Collect$$libshutdown$$0000000A)
    __rt_lib_shutdown_stdio_1                0x08000189   Thumb Code     0  libshutdown2.o(.ARM.Collect$$libshutdown$$00000004)
    __rt_lib_shutdown_user_alloc_1           0x08000189   Thumb Code     0  libshutdown2.o(.ARM.Collect$$libshutdown$$0000000C)
    __rt_entry                               0x0800018b   Thumb Code     0  __rtentry.o(.ARM.Collect$$rtentry$$00000000)
    __rt_entry_presh_1                       0x0800018b   Thumb Code     0  __rtentry2.o(.ARM.Collect$$rtentry$$00000002)
    __rt_entry_sh                            0x0800018b   Thumb Code     0  __rtentry4.o(.ARM.Collect$$rtentry$$00000004)
    __rt_entry_postsh_1                      0x08000191   Thumb Code     0  __rtentry2.o(.ARM.Collect$$rtentry$$00000008)
    __rt_entry_li                            0x08000199   Thumb Code     0  __rtentry2.o(.ARM.Collect$$rtentry$$0000000A)
    __rt_entry_main                          0x0800019d   Thumb Code     0  __rtentry2.o(.ARM.Collect$$rtentry$$0000000D)
    __rt_entry_postli_1                      0x0800019d   Thumb Code     0  __rtentry2.o(.ARM.Collect$$rtentry$$0000000C)
    __rt_exit                                0x080001a5   Thumb Code     0  rtexit.o(.ARM.Collect$$rtexit$$00000000)
    __rt_exit_ls                             0x080001a7   Thumb Code     0  rtexit2.o(.ARM.Collect$$rtexit$$00000003)
    __rt_exit_prels_1                        0x080001a7   Thumb Code     0  rtexit2.o(.ARM.Collect$$rtexit$$00000002)
    __rt_exit_exit                           0x080001ab   Thumb Code     0  rtexit2.o(.ARM.Collect$$rtexit$$00000004)
    SVC_Handler                              0x080001b1   Thumb Code    32  port.o(.emb_text)
    __asm___6_port_c_39a90d8d__prvStartFirstTask 0x080001d5   Thumb Code    28  port.o(.emb_text)
    PendSV_Handler                           0x080001f5   Thumb Code    72  port.o(.emb_text)
    vPortGetIPSR                             0x08000241   Thumb Code     6  port.o(.emb_text)
    Reset_Handler                            0x08000249   Thumb Code     8  startup_stm32f10x_md.o(.text)
    NMI_Handler                              0x08000251   Thumb Code     2  startup_stm32f10x_md.o(.text)
    HardFault_Handler                        0x08000253   Thumb Code     2  startup_stm32f10x_md.o(.text)
    MemManage_Handler                        0x08000255   Thumb Code     2  startup_stm32f10x_md.o(.text)
    BusFault_Handler                         0x08000257   Thumb Code     2  startup_stm32f10x_md.o(.text)
    UsageFault_Handler                       0x08000259   Thumb Code     2  startup_stm32f10x_md.o(.text)
    DebugMon_Handler                         0x0800025d   Thumb Code     2  startup_stm32f10x_md.o(.text)
    ADC1_2_IRQHandler                        0x08000263   Thumb Code     0  startup_stm32f10x_md.o(.text)
    CAN1_RX1_IRQHandler                      0x08000263   Thumb Code     0  startup_stm32f10x_md.o(.text)
    CAN1_SCE_IRQHandler                      0x08000263   Thumb Code     0  startup_stm32f10x_md.o(.text)
    DMA1_Channel1_IRQHandler                 0x08000263   Thumb Code     0  startup_stm32f10x_md.o(.text)
    DMA1_Channel2_IRQHandler                 0x08000263   Thumb Code     0  startup_stm32f10x_md.o(.text)
    DMA1_Channel3_IRQHandler                 0x08000263   Thumb Code     0  startup_stm32f10x_md.o(.text)
    DMA1_Channel4_IRQHandler                 0x08000263   Thumb Code     0  startup_stm32f10x_md.o(.text)
    DMA1_Channel5_IRQHandler                 0x08000263   Thumb Code     0  startup_stm32f10x_md.o(.text)
    DMA1_Channel6_IRQHandler                 0x08000263   Thumb Code     0  startup_stm32f10x_md.o(.text)
    DMA1_Channel7_IRQHandler                 0x08000263   Thumb Code     0  startup_stm32f10x_md.o(.text)
    EXTI0_IRQHandler                         0x08000263   Thumb Code     0  startup_stm32f10x_md.o(.text)
    EXTI15_10_IRQHandler                     0x08000263   Thumb Code     0  startup_stm32f10x_md.o(.text)
    EXTI1_IRQHandler                         0x08000263   Thumb Code     0  startup_stm32f10x_md.o(.text)
    EXTI2_IRQHandler                         0x08000263   Thumb Code     0  startup_stm32f10x_md.o(.text)
    EXTI3_IRQHandler                         0x08000263   Thumb Code     0  startup_stm32f10x_md.o(.text)
    EXTI4_IRQHandler                         0x08000263   Thumb Code     0  startup_stm32f10x_md.o(.text)
    EXTI9_5_IRQHandler                       0x08000263   Thumb Code     0  startup_stm32f10x_md.o(.text)
    FLASH_IRQHandler                         0x08000263   Thumb Code     0  startup_stm32f10x_md.o(.text)
    I2C1_ER_IRQHandler                       0x08000263   Thumb Code     0  startup_stm32f10x_md.o(.text)
    I2C1_EV_IRQHandler                       0x08000263   Thumb Code     0  startup_stm32f10x_md.o(.text)
    I2C2_ER_IRQHandler                       0x08000263   Thumb Code     0  startup_stm32f10x_md.o(.text)
    I2C2_EV_IRQHandler                       0x08000263   Thumb Code     0  startup_stm32f10x_md.o(.text)
    PVD_IRQHandler                           0x08000263   Thumb Code     0  startup_stm32f10x_md.o(.text)
    RCC_IRQHandler                           0x08000263   Thumb Code     0  startup_stm32f10x_md.o(.text)
    RTCAlarm_IRQHandler                      0x08000263   Thumb Code     0  startup_stm32f10x_md.o(.text)
    RTC_IRQHandler                           0x08000263   Thumb Code     0  startup_stm32f10x_md.o(.text)
    SPI1_IRQHandler                          0x08000263   Thumb Code     0  startup_stm32f10x_md.o(.text)
    SPI2_IRQHandler                          0x08000263   Thumb Code     0  startup_stm32f10x_md.o(.text)
    TAMPER_IRQHandler                        0x08000263   Thumb Code     0  startup_stm32f10x_md.o(.text)
    TIM1_BRK_IRQHandler                      0x08000263   Thumb Code     0  startup_stm32f10x_md.o(.text)
    TIM1_CC_IRQHandler                       0x08000263   Thumb Code     0  startup_stm32f10x_md.o(.text)
    TIM1_TRG_COM_IRQHandler                  0x08000263   Thumb Code     0  startup_stm32f10x_md.o(.text)
    TIM1_UP_IRQHandler                       0x08000263   Thumb Code     0  startup_stm32f10x_md.o(.text)
    TIM2_IRQHandler                          0x08000263   Thumb Code     0  startup_stm32f10x_md.o(.text)
    TIM3_IRQHandler                          0x08000263   Thumb Code     0  startup_stm32f10x_md.o(.text)
    TIM4_IRQHandler                          0x08000263   Thumb Code     0  startup_stm32f10x_md.o(.text)
    USART2_IRQHandler                        0x08000263   Thumb Code     0  startup_stm32f10x_md.o(.text)
    USART3_IRQHandler                        0x08000263   Thumb Code     0  startup_stm32f10x_md.o(.text)
    USBWakeUp_IRQHandler                     0x08000263   Thumb Code     0  startup_stm32f10x_md.o(.text)
    USB_HP_CAN1_TX_IRQHandler                0x08000263   Thumb Code     0  startup_stm32f10x_md.o(.text)
    USB_LP_CAN1_RX0_IRQHandler               0x08000263   Thumb Code     0  startup_stm32f10x_md.o(.text)
    WWDG_IRQHandler                          0x08000263   Thumb Code     0  startup_stm32f10x_md.o(.text)
    __user_initial_stackheap                 0x08000265   Thumb Code     0  startup_stm32f10x_md.o(.text)
    __2sprintf                               0x08000289   Thumb Code    34  noretval__2sprintf.o(.text)
    _printf_pre_padding                      0x080002b1   Thumb Code    44  _printf_pad.o(.text)
    _printf_post_padding                     0x080002dd   Thumb Code    34  _printf_pad.o(.text)
    _printf_truncate_signed                  0x080002ff   Thumb Code    18  _printf_truncate.o(.text)
    _printf_truncate_unsigned                0x08000311   Thumb Code    18  _printf_truncate.o(.text)
    _printf_str                              0x08000323   Thumb Code    82  _printf_str.o(.text)
    _printf_int_dec                          0x08000375   Thumb Code   104  _printf_dec.o(.text)
    __printf                                 0x080003ed   Thumb Code   388  __printf_flags_ss_wp.o(.text)
    __0sscanf                                0x08000575   Thumb Code    52  __0sscanf.o(.text)
    _scanf_int                               0x080005b1   Thumb Code   332  _scanf_int.o(.text)
    __aeabi_memcpy                           0x080006fd   Thumb Code     0  rt_memcpy_v6.o(.text)
    __rt_memcpy                              0x080006fd   Thumb Code   138  rt_memcpy_v6.o(.text)
    _memcpy_lastbytes                        0x08000763   Thumb Code     0  rt_memcpy_v6.o(.text)
    __aeabi_memset                           0x08000787   Thumb Code    16  aeabi_memset.o(.text)
    __aeabi_memclr                           0x08000797   Thumb Code     0  rt_memclr.o(.text)
    __rt_memclr                              0x08000797   Thumb Code    68  rt_memclr.o(.text)
    _memset                                  0x0800079b   Thumb Code     0  rt_memclr.o(.text)
    __use_two_region_memory                  0x080007db   Thumb Code     2  heapauxi.o(.text)
    __rt_heap_escrow$2region                 0x080007dd   Thumb Code     2  heapauxi.o(.text)
    __rt_heap_expand$2region                 0x080007df   Thumb Code     2  heapauxi.o(.text)
    _printf_int_common                       0x080007e1   Thumb Code   178  _printf_intcommon.o(.text)
    _printf_char_common                      0x0800089f   Thumb Code    32  _printf_char_common.o(.text)
    _sputc                                   0x080008c5   Thumb Code    10  _sputc.o(.text)
    _printf_cs_common                        0x080008cf   Thumb Code    20  _printf_char.o(.text)
    _printf_char                             0x080008e3   Thumb Code    16  _printf_char.o(.text)
    _printf_string                           0x080008f3   Thumb Code     8  _printf_char.o(.text)
    _chval                                   0x080008fb   Thumb Code    28  _chval.o(.text)
    __vfscanf_char                           0x08000925   Thumb Code    24  scanf_char.o(.text)
    _sgetc                                   0x08000945   Thumb Code    30  _sgetc.o(.text)
    _sbackspace                              0x08000963   Thumb Code    34  _sgetc.o(.text)
    __aeabi_memcpy4                          0x08000985   Thumb Code     0  rt_memcpy_w.o(.text)
    __aeabi_memcpy8                          0x08000985   Thumb Code     0  rt_memcpy_w.o(.text)
    __rt_memcpy_w                            0x08000985   Thumb Code   100  rt_memcpy_w.o(.text)
    _memcpy_lastbytes_aligned                0x080009cd   Thumb Code     0  rt_memcpy_w.o(.text)
    __aeabi_memclr4                          0x080009e9   Thumb Code     0  rt_memclr_w.o(.text)
    __aeabi_memclr8                          0x080009e9   Thumb Code     0  rt_memclr_w.o(.text)
    __rt_memclr_w                            0x080009e9   Thumb Code    78  rt_memclr_w.o(.text)
    _memset_w                                0x080009ed   Thumb Code     0  rt_memclr_w.o(.text)
    isspace                                  0x08000a37   Thumb Code    18  isspace.o(.text)
    __vfscanf                                0x08000a49   Thumb Code   878  _scanf.o(.text)
    __user_setup_stackheap                   0x08000dbd   Thumb Code    74  sys_stackheap_outer.o(.text)
    __rt_ctype_table                         0x08000e09   Thumb Code    16  rt_ctype_table.o(.text)
    exit                                     0x08000e19   Thumb Code    18  exit.o(.text)
    __user_libspace                          0x08000e2d   Thumb Code     8  libspace.o(.text)
    __user_perproc_libspace                  0x08000e2d   Thumb Code     0  libspace.o(.text)
    __rt_locale                              0x08000e35   Thumb Code    10  rt_locale_twolibspace.o(.text)
    strcmp                                   0x08000e41   Thumb Code   128  strcmpv7m.o(.text)
    _sys_exit                                0x08000ec1   Thumb Code     8  sys_exit.o(.text)
    __I$use$semihosting                      0x08000ecd   Thumb Code     0  use_no_semi.o(.text)
    __use_no_semihosting_swi                 0x08000ecd   Thumb Code     2  use_no_semi.o(.text)
    Delay                                    0x08000ecf   Thumb Code    44  delay.o(i.Delay)
    __semihosting_library_function           0x08000ecf   Thumb Code     0  indicate_semi.o(.text)
    DelayMC                                  0x08000efd   Thumb Code    42  delay.o(i.DelayMC)
    GPIO_Init                                0x08000f2d   Thumb Code   278  stm32f10x_gpio.o(i.GPIO_Init)
    I2C_AcknowledgeConfig                    0x08001043   Thumb Code    24  stm32f10x_i2c.o(i.I2C_AcknowledgeConfig)
    I2C_CheckEvent                           0x0800105b   Thumb Code    42  stm32f10x_i2c.o(i.I2C_CheckEvent)
    I2C_Cmd                                  0x08001085   Thumb Code    24  stm32f10x_i2c.o(i.I2C_Cmd)
    I2C_GenerateSTART                        0x0800109d   Thumb Code    24  stm32f10x_i2c.o(i.I2C_GenerateSTART)
    I2C_GenerateSTOP                         0x080010b5   Thumb Code    24  stm32f10x_i2c.o(i.I2C_GenerateSTOP)
    I2C_GetFlagStatus                        0x080010cd   Thumb Code    58  stm32f10x_i2c.o(i.I2C_GetFlagStatus)
    I2C_Init                                 0x08001109   Thumb Code   222  stm32f10x_i2c.o(i.I2C_Init)
    I2C_ReceiveData                          0x080011f5   Thumb Code     8  stm32f10x_i2c.o(i.I2C_ReceiveData)
    I2C_Send7bitAddress                      0x080011fd   Thumb Code    18  stm32f10x_i2c.o(i.I2C_Send7bitAddress)
    I2C_SendData                             0x0800120f   Thumb Code     4  stm32f10x_i2c.o(i.I2C_SendData)
    I2C_StartTransmission                    0x08001215   Thumb Code    96  i2c_lcd.o(i.I2C_StartTransmission)
    I2C_WriteData                            0x0800127d   Thumb Code    30  i2c_lcd.o(i.I2C_WriteData)
    LCDI2C_backlight                         0x080012a1   Thumb Code    16  liquidcrystal_i2c.o(i.LCDI2C_backlight)
    LCDI2C_begin                             0x080012b5   Thumb Code   142  liquidcrystal_i2c.o(i.LCDI2C_begin)
    LCDI2C_clear                             0x08001349   Thumb Code    18  liquidcrystal_i2c.o(i.LCDI2C_clear)
    LCDI2C_command                           0x0800135b   Thumb Code    14  liquidcrystal_i2c.o(i.LCDI2C_command)
    LCDI2C_display                           0x08001369   Thumb Code    26  liquidcrystal_i2c.o(i.LCDI2C_display)
    LCDI2C_expanderWrite                     0x08001389   Thumb Code    40  liquidcrystal_i2c.o(i.LCDI2C_expanderWrite)
    LCDI2C_home                              0x080013b9   Thumb Code    18  liquidcrystal_i2c.o(i.LCDI2C_home)
    LCDI2C_init                              0x080013cd   Thumb Code    42  liquidcrystal_i2c.o(i.LCDI2C_init)
    LCDI2C_pulseEnable                       0x080013fd   Thumb Code    34  liquidcrystal_i2c.o(i.LCDI2C_pulseEnable)
    LCDI2C_send                              0x0800141f   Thumb Code    38  liquidcrystal_i2c.o(i.LCDI2C_send)
    LCDI2C_setCursor                         0x08001445   Thumb Code    48  liquidcrystal_i2c.o(i.LCDI2C_setCursor)
    LCDI2C_write                             0x0800147d   Thumb Code    14  liquidcrystal_i2c.o(i.LCDI2C_write)
    LCDI2C_write4bits                        0x0800148b   Thumb Code    18  liquidcrystal_i2c.o(i.LCDI2C_write4bits)
    LCDI2C_write_String                      0x0800149d   Thumb Code    26  liquidcrystal_i2c.o(i.LCDI2C_write_String)
    RCC_APB1PeriphClockCmd                   0x080014b9   Thumb Code    26  stm32f10x_rcc.o(i.RCC_APB1PeriphClockCmd)
    RCC_APB2PeriphClockCmd                   0x080014d9   Thumb Code    26  stm32f10x_rcc.o(i.RCC_APB2PeriphClockCmd)
    RCC_GetClocksFreq                        0x080014f9   Thumb Code   192  stm32f10x_rcc.o(i.RCC_GetClocksFreq)
    SysTick_Handler                          0x080016b5   Thumb Code    22  cmsis_os2.o(i.SysTick_Handler)
    SystemInit                               0x080016cd   Thumb Code    78  system_stm32f10x.o(i.SystemInit)
    Task_LCD                                 0x0800172d   Thumb Code   140  main.o(i.Task_LCD)
    UARTx_Getc                               0x08001819   Thumb Code    12  main.o(i.UARTx_Getc)
    USART1_IRQHandler                        0x08001825   Thumb Code    38  main.o(i.USART1_IRQHandler)
    USART_Cmd                                0x08001859   Thumb Code    24  stm32f10x_usart.o(i.USART_Cmd)
    USART_GetITStatus                        0x08001871   Thumb Code    84  stm32f10x_usart.o(i.USART_GetITStatus)
    USART_ITConfig                           0x080018c5   Thumb Code    74  stm32f10x_usart.o(i.USART_ITConfig)
    USART_Init                               0x08001911   Thumb Code   210  stm32f10x_usart.o(i.USART_Init)
    USART_ReceiveData                        0x080019e9   Thumb Code    10  stm32f10x_usart.o(i.USART_ReceiveData)
    _is_digit                                0x080019f3   Thumb Code    14  __printf_wp.o(i._is_digit)
    _mutex_acquire                           0x08001a01   Thumb Code    22  clib_arm.o(i._mutex_acquire)
    _mutex_free                              0x08001a19   Thumb Code    46  clib_arm.o(i._mutex_free)
    _mutex_initialize                        0x08001a4d   Thumb Code    86  clib_arm.o(i._mutex_initialize)
    _mutex_release                           0x08001aad   Thumb Code    24  clib_arm.o(i._mutex_release)
    _platform_post_stackheap_init            0x08001ac5   Thumb Code     2  clib_arm.o(i._platform_post_stackheap_init)
    bcd2bin                                  0x08001ac7   Thumb Code    20  ds1307.o(i.bcd2bin)
    bin2bcd                                  0x08001adb   Thumb Code    28  ds1307.o(i.bin2bcd)
    check_min_max                            0x08001af7   Thumb Code    22  ds1307.o(i.check_min_max)
    ds1307_get_calendar_date                 0x08001b0d   Thumb Code    40  ds1307.o(i.ds1307_get_calendar_date)
    ds1307_get_date                          0x08001b35   Thumb Code    22  ds1307.o(i.ds1307_get_date)
    ds1307_get_day                           0x08001b4b   Thumb Code    22  ds1307.o(i.ds1307_get_day)
    ds1307_get_hours_24                      0x08001b61   Thumb Code    26  ds1307.o(i.ds1307_get_hours_24)
    ds1307_get_minutes                       0x08001b7b   Thumb Code    22  ds1307.o(i.ds1307_get_minutes)
    ds1307_get_month                         0x08001b91   Thumb Code    22  ds1307.o(i.ds1307_get_month)
    ds1307_get_seconds                       0x08001ba7   Thumb Code    22  ds1307.o(i.ds1307_get_seconds)
    ds1307_get_time_24                       0x08001bbd   Thumb Code    28  ds1307.o(i.ds1307_get_time_24)
    ds1307_get_year                          0x08001bd9   Thumb Code    22  ds1307.o(i.ds1307_get_year)
    ds1307_init                              0x08001bef   Thumb Code     8  ds1307.o(i.ds1307_init)
    ds1307_set_calendar_date                 0x08001bf7   Thumb Code    40  ds1307.o(i.ds1307_set_calendar_date)
    ds1307_set_date                          0x08001c1f   Thumb Code    34  ds1307.o(i.ds1307_set_date)
    ds1307_set_day                           0x08001c41   Thumb Code    34  ds1307.o(i.ds1307_set_day)
    ds1307_set_hours_24                      0x08001c63   Thumb Code    34  ds1307.o(i.ds1307_set_hours_24)
    ds1307_set_minutes                       0x08001c85   Thumb Code    34  ds1307.o(i.ds1307_set_minutes)
    ds1307_set_month                         0x08001ca7   Thumb Code    34  ds1307.o(i.ds1307_set_month)
    ds1307_set_seconds                       0x08001cc9   Thumb Code    34  ds1307.o(i.ds1307_set_seconds)
    ds1307_set_time_24                       0x08001ceb   Thumb Code    28  ds1307.o(i.ds1307_set_time_24)
    ds1307_set_year                          0x08001d07   Thumb Code    34  ds1307.o(i.ds1307_set_year)
    i2c_address_direction                    0x08001d29   Thumb Code    54  i2c_ds1307.o(i.i2c_address_direction)
    i2c_ds1307_start                         0x08001d6d   Thumb Code    42  i2c_ds1307.o(i.i2c_ds1307_start)
    i2c_ds1307_stop                          0x08001da1   Thumb Code    12  i2c_ds1307.o(i.i2c_ds1307_stop)
    i2c_init_ds1307                          0x08001db1   Thumb Code   104  i2c_ds1307.o(i.i2c_init_ds1307)
    i2c_read_with_reg                        0x08001e25   Thumb Code    58  i2c_ds1307.o(i.i2c_read_with_reg)
    i2c_receive_nack                         0x08001e61   Thumb Code    32  i2c_ds1307.o(i.i2c_receive_nack)
    i2c_transmit                             0x08001e89   Thumb Code    28  i2c_ds1307.o(i.i2c_transmit)
    i2c_write_with_reg                       0x08001ead   Thumb Code    40  i2c_ds1307.o(i.i2c_write_with_reg)
    init_I2C1                                0x08001ed5   Thumb Code    92  i2c_lcd.o(i.init_I2C1)
    main                                     0x08001f45   Thumb Code    80  main.o(i.main)
    pvPortMalloc                             0x08002929   Thumb Code   228  heap_4.o(i.pvPortMalloc)
    pvTaskIncrementMutexHeldCount            0x08002a25   Thumb Code    26  tasks.o(i.pvTaskIncrementMutexHeldCount)
    pxPortInitialiseStack                    0x08002a45   Thumb Code    30  port.o(i.pxPortInitialiseStack)
    uart_Init                                0x08002a69   Thumb Code   176  main.o(i.uart_Init)
    uart_setTime                             0x08002b21   Thumb Code   170  main.o(i.uart_setTime)
    uxListRemove                             0x08002c2d   Thumb Code    40  list.o(i.uxListRemove)
    vApplicationGetIdleTaskMemory            0x08002c55   Thumb Code    14  cmsis_os2.o(i.vApplicationGetIdleTaskMemory)
    vApplicationGetTimerTaskMemory           0x08002c6d   Thumb Code    14  cmsis_os2.o(i.vApplicationGetTimerTaskMemory)
    vApplicationStackOverflowHook            0x08002c85   Thumb Code     2  cmsis_os2.o(i.vApplicationStackOverflowHook)
    vListInitialise                          0x08002c87   Thumb Code    26  list.o(i.vListInitialise)
    vListInitialiseItem                      0x08002ca1   Thumb Code     6  list.o(i.vListInitialiseItem)
    vListInsert                              0x08002ca7   Thumb Code    52  list.o(i.vListInsert)
    vPortEnterCritical                       0x08002cdd   Thumb Code    30  port.o(i.vPortEnterCritical)
    vPortExitCritical                        0x08002d01   Thumb Code    28  port.o(i.vPortExitCritical)
    vPortFree                                0x08002d21   Thumb Code    74  heap_4.o(i.vPortFree)
    vPortSetupTimerInterrupt                 0x08002d79   Thumb Code    36  port.o(i.vPortSetupTimerInterrupt)
    vQueueDelete                             0x08002da1   Thumb Code    20  queue.o(i.vQueueDelete)
    vQueueWaitForMessageRestricted           0x08002db5   Thumb Code    74  queue.o(i.vQueueWaitForMessageRestricted)
    vTaskDelay                               0x08002e01   Thumb Code    46  tasks.o(i.vTaskDelay)
    vTaskInternalSetTimeOutState             0x08002e35   Thumb Code    14  tasks.o(i.vTaskInternalSetTimeOutState)
    vTaskMissedYield                         0x08002e4d   Thumb Code     8  tasks.o(i.vTaskMissedYield)
    vTaskPlaceOnEventList                    0x08002e59   Thumb Code    28  tasks.o(i.vTaskPlaceOnEventList)
    vTaskPlaceOnEventListRestricted          0x08002e79   Thumb Code    70  tasks.o(i.vTaskPlaceOnEventListRestricted)
    vTaskPriorityDisinheritAfterTimeout      0x08002ec5   Thumb Code   182  tasks.o(i.vTaskPriorityDisinheritAfterTimeout)
    vTaskStartScheduler                      0x08002f85   Thumb Code   124  tasks.o(i.vTaskStartScheduler)
    vTaskSuspendAll                          0x08003021   Thumb Code    12  tasks.o(i.vTaskSuspendAll)
    vTaskSwitchContext                       0x08003031   Thumb Code   154  tasks.o(i.vTaskSwitchContext)
    xPortStartScheduler                      0x080030e1   Thumb Code    42  port.o(i.xPortStartScheduler)
    xPortSysTickHandler                      0x08003115   Thumb Code    46  port.o(i.xPortSysTickHandler)
    xQueueCreateMutex                        0x08003149   Thumb Code    34  queue.o(i.xQueueCreateMutex)
    xQueueCreateMutexStatic                  0x0800316b   Thumb Code    42  queue.o(i.xQueueCreateMutexStatic)
    xQueueGenericCreate                      0x08003195   Thumb Code    82  queue.o(i.xQueueGenericCreate)
    xQueueGenericCreateStatic                0x080031e7   Thumb Code    62  queue.o(i.xQueueGenericCreateStatic)
    xQueueGenericReset                       0x08003225   Thumb Code   156  queue.o(i.xQueueGenericReset)
    xQueueGenericSend                        0x080032c5   Thumb Code   276  queue.o(i.xQueueGenericSend)
    xQueueReceive                            0x080033dd   Thumb Code   256  queue.o(i.xQueueReceive)
    xQueueSemaphoreTake                      0x080034e1   Thumb Code   300  queue.o(i.xQueueSemaphoreTake)
    xTaskCheckForTimeOut                     0x08003611   Thumb Code    88  tasks.o(i.xTaskCheckForTimeOut)
    xTaskCreate                              0x08003671   Thumb Code   100  tasks.o(i.xTaskCreate)
    xTaskCreateStatic                        0x080036d5   Thumb Code    78  tasks.o(i.xTaskCreateStatic)
    xTaskGetSchedulerState                   0x08003725   Thumb Code    24  tasks.o(i.xTaskGetSchedulerState)
    xTaskGetTickCount                        0x08003745   Thumb Code     6  tasks.o(i.xTaskGetTickCount)
    xTaskIncrementTick                       0x08003751   Thumb Code   354  tasks.o(i.xTaskIncrementTick)
    xTaskPriorityDisinherit                  0x080038e1   Thumb Code   138  tasks.o(i.xTaskPriorityDisinherit)
    xTaskPriorityInherit                     0x08003975   Thumb Code   202  tasks.o(i.xTaskPriorityInherit)
    xTaskRemoveFromEventList                 0x08003a4d   Thumb Code   238  tasks.o(i.xTaskRemoveFromEventList)
    xTaskResumeAll                           0x08003b55   Thumb Code   308  tasks.o(i.xTaskResumeAll)
    xTimerCreateTimerTask                    0x08003cad   Thumb Code    76  timers.o(i.xTimerCreateTimerTask)
    _get_lc_ctype                            0x08003d0d   Thumb Code    44  lc_ctype_c.o(locale$$code)
    Region$$Table$$Base                      0x08003d78   Number         0  anon$$obj.o(Region$$Table)
    Region$$Table$$Limit                     0x08003d98   Number         0  anon$$obj.o(Region$$Table)
    __ctype                                  0x08003da5   Data           0  lc_ctype_c.o(locale$$data)
    vrc_Getc                                 0x20000000   Data           1  main.o(.data)
    vri_Stt                                  0x20000004   Data           4  main.o(.data)
    vri_Count                                0x20000008   Data           4  main.o(.data)
    receivedChar                             0x2000000c   Data           1  main.o(.data)
    day                                      0x2000000d   Data           1  main.o(.data)
    date                                     0x2000000e   Data           1  main.o(.data)
    month                                    0x2000000f   Data           1  main.o(.data)
    year                                     0x20000010   Data           1  main.o(.data)
    hour                                     0x20000011   Data           1  main.o(.data)
    min                                      0x20000012   Data           1  main.o(.data)
    sec                                      0x20000013   Data           1  main.o(.data)
    thu                                      0x20000014   Data           1  main.o(.data)
    ngay                                     0x20000015   Data           1  main.o(.data)
    thang                                    0x20000016   Data           1  main.o(.data)
    nam                                      0x20000017   Data           1  main.o(.data)
    gio                                      0x20000018   Data           1  main.o(.data)
    phut                                     0x20000019   Data           1  main.o(.data)
    giay                                     0x2000001a   Data           1  main.o(.data)
    arr                                      0x2000001c   Data          28  main.o(.data)
    uartQueue                                0x20000038   Data           4  main.o(.data)
    i2c_gpio                                 0x2000003c   Data           4  i2c_lcd.o(.data)
    lcdi2c                                   0x20000040   Data           8  liquidcrystal_i2c.o(.data)
    SystemCoreClock                          0x2000005c   Data           4  system_stm32f10x.o(.data)
    AHBPrescTable                            0x20000060   Data          16  system_stm32f10x.o(.data)
    pxCurrentTCB                             0x20000094   Data           4  tasks.o(.data)
    uxTopUsedPriority                        0x200000cc   Data           4  tasks.o(.data)
    vrc_Res                                  0x200000e8   Data         100  main.o(.bss)
    bufferdate                               0x2000014c   Data          50  main.o(.bss)
    buffertime                               0x2000017e   Data          50  main.o(.bss)
    bufferday                                0x200001b0   Data          50  main.o(.bss)
    i2c                                      0x200001e4   Data          16  i2c_lcd.o(.bss)
    __libspace_start                         0x20002f0c   Data          96  libspace.o(.bss)
    __temporary_stack_top$libspace           0x20002f6c   Data           0  libspace.o(.bss)



==============================================================================

Memory Map of the image

  Image Entry point : 0x080000ed

  Load Region LR_IROM1 (Base: 0x08000000, Size: 0x00003f90, Max: 0x00010000, ABSOLUTE)

    Execution Region ER_IROM1 (Exec base: 0x08000000, Load base: 0x08000000, Size: 0x00003ea8, Max: 0x00010000, ABSOLUTE)

    Exec Addr    Load Addr    Size         Type   Attr      Idx    E Section Name        Object

    0x08000000   0x08000000   0x000000ec   Data   RO         2798    RESET               startup_stm32f10x_md.o
    0x080000ec   0x080000ec   0x00000008   Code   RO         4064  * !!!main             c_w.l(__main.o)
    0x080000f4   0x080000f4   0x00000034   Code   RO         4258    !!!scatter          c_w.l(__scatter.o)
    0x08000128   0x08000128   0x0000001a   Code   RO         4260    !!handler_copy      c_w.l(__scatter_copy.o)
    0x08000142   0x08000142   0x00000002   PAD
    0x08000144   0x08000144   0x0000001c   Code   RO         4262    !!handler_zi        c_w.l(__scatter_zi.o)
    0x08000160   0x08000160   0x00000000   Code   RO         4051    .ARM.Collect$$_printf_percent$$00000000  c_w.l(_printf_percent.o)
    0x08000160   0x08000160   0x00000006   Code   RO         4050    .ARM.Collect$$_printf_percent$$0000000A  c_w.l(_printf_u.o)
    0x08000166   0x08000166   0x00000006   Code   RO         4049    .ARM.Collect$$_printf_percent$$00000014  c_w.l(_printf_s.o)
    0x0800016c   0x0800016c   0x00000004   Code   RO         4075    .ARM.Collect$$_printf_percent$$00000017  c_w.l(_printf_percent_end.o)
    0x08000170   0x08000170   0x00000002   Code   RO         4116    .ARM.Collect$$libinit$$00000000  c_w.l(libinit.o)
    0x08000172   0x08000172   0x00000000   Code   RO         4133    .ARM.Collect$$libinit$$00000002  c_w.l(libinit2.o)
    0x08000172   0x08000172   0x00000000   Code   RO         4135    .ARM.Collect$$libinit$$00000004  c_w.l(libinit2.o)
    0x08000172   0x08000172   0x00000000   Code   RO         4138    .ARM.Collect$$libinit$$0000000A  c_w.l(libinit2.o)
    0x08000172   0x08000172   0x00000000   Code   RO         4140    .ARM.Collect$$libinit$$0000000C  c_w.l(libinit2.o)
    0x08000172   0x08000172   0x00000000   Code   RO         4142    .ARM.Collect$$libinit$$0000000E  c_w.l(libinit2.o)
    0x08000172   0x08000172   0x00000006   Code   RO         4143    .ARM.Collect$$libinit$$0000000F  c_w.l(libinit2.o)
    0x08000178   0x08000178   0x00000000   Code   RO         4145    .ARM.Collect$$libinit$$00000011  c_w.l(libinit2.o)
    0x08000178   0x08000178   0x0000000c   Code   RO         4146    .ARM.Collect$$libinit$$00000012  c_w.l(libinit2.o)
    0x08000184   0x08000184   0x00000000   Code   RO         4147    .ARM.Collect$$libinit$$00000013  c_w.l(libinit2.o)
    0x08000184   0x08000184   0x00000000   Code   RO         4149    .ARM.Collect$$libinit$$00000015  c_w.l(libinit2.o)
    0x08000184   0x08000184   0x00000000   Code   RO         4151    .ARM.Collect$$libinit$$00000017  c_w.l(libinit2.o)
    0x08000184   0x08000184   0x00000000   Code   RO         4153    .ARM.Collect$$libinit$$00000019  c_w.l(libinit2.o)
    0x08000184   0x08000184   0x00000000   Code   RO         4155    .ARM.Collect$$libinit$$0000001B  c_w.l(libinit2.o)
    0x08000184   0x08000184   0x00000000   Code   RO         4157    .ARM.Collect$$libinit$$0000001D  c_w.l(libinit2.o)
    0x08000184   0x08000184   0x00000000   Code   RO         4159    .ARM.Collect$$libinit$$0000001F  c_w.l(libinit2.o)
    0x08000184   0x08000184   0x00000000   Code   RO         4161    .ARM.Collect$$libinit$$00000021  c_w.l(libinit2.o)
    0x08000184   0x08000184   0x00000000   Code   RO         4163    .ARM.Collect$$libinit$$00000023  c_w.l(libinit2.o)
    0x08000184   0x08000184   0x00000000   Code   RO         4165    .ARM.Collect$$libinit$$00000025  c_w.l(libinit2.o)
    0x08000184   0x08000184   0x00000000   Code   RO         4169    .ARM.Collect$$libinit$$0000002C  c_w.l(libinit2.o)
    0x08000184   0x08000184   0x00000000   Code   RO         4171    .ARM.Collect$$libinit$$0000002E  c_w.l(libinit2.o)
    0x08000184   0x08000184   0x00000000   Code   RO         4173    .ARM.Collect$$libinit$$00000030  c_w.l(libinit2.o)
    0x08000184   0x08000184   0x00000000   Code   RO         4175    .ARM.Collect$$libinit$$00000032  c_w.l(libinit2.o)
    0x08000184   0x08000184   0x00000002   Code   RO         4176    .ARM.Collect$$libinit$$00000033  c_w.l(libinit2.o)
    0x08000186   0x08000186   0x00000002   Code   RO         4198    .ARM.Collect$$libshutdown$$00000000  c_w.l(libshutdown.o)
    0x08000188   0x08000188   0x00000000   Code   RO         4211    .ARM.Collect$$libshutdown$$00000002  c_w.l(libshutdown2.o)
    0x08000188   0x08000188   0x00000000   Code   RO         4213    .ARM.Collect$$libshutdown$$00000004  c_w.l(libshutdown2.o)
    0x08000188   0x08000188   0x00000000   Code   RO         4216    .ARM.Collect$$libshutdown$$00000007  c_w.l(libshutdown2.o)
    0x08000188   0x08000188   0x00000000   Code   RO         4219    .ARM.Collect$$libshutdown$$0000000A  c_w.l(libshutdown2.o)
    0x08000188   0x08000188   0x00000000   Code   RO         4221    .ARM.Collect$$libshutdown$$0000000C  c_w.l(libshutdown2.o)
    0x08000188   0x08000188   0x00000000   Code   RO         4224    .ARM.Collect$$libshutdown$$0000000F  c_w.l(libshutdown2.o)
    0x08000188   0x08000188   0x00000002   Code   RO         4225    .ARM.Collect$$libshutdown$$00000010  c_w.l(libshutdown2.o)
    0x0800018a   0x0800018a   0x00000000   Code   RO         4066    .ARM.Collect$$rtentry$$00000000  c_w.l(__rtentry.o)
    0x0800018a   0x0800018a   0x00000000   Code   RO         4087    .ARM.Collect$$rtentry$$00000002  c_w.l(__rtentry2.o)
    0x0800018a   0x0800018a   0x00000006   Code   RO         4099    .ARM.Collect$$rtentry$$00000004  c_w.l(__rtentry4.o)
    0x08000190   0x08000190   0x00000008   Code   RO         4088    .ARM.Collect$$rtentry$$00000008  c_w.l(__rtentry2.o)
    0x08000198   0x08000198   0x00000004   Code   RO         4090    .ARM.Collect$$rtentry$$0000000A  c_w.l(__rtentry2.o)
    0x0800019c   0x0800019c   0x00000000   Code   RO         4092    .ARM.Collect$$rtentry$$0000000C  c_w.l(__rtentry2.o)
    0x0800019c   0x0800019c   0x00000008   Code   RO         4093    .ARM.Collect$$rtentry$$0000000D  c_w.l(__rtentry2.o)
    0x080001a4   0x080001a4   0x00000002   Code   RO         4120    .ARM.Collect$$rtexit$$00000000  c_w.l(rtexit.o)
    0x080001a6   0x080001a6   0x00000000   Code   RO         4178    .ARM.Collect$$rtexit$$00000002  c_w.l(rtexit2.o)
    0x080001a6   0x080001a6   0x00000004   Code   RO         4179    .ARM.Collect$$rtexit$$00000003  c_w.l(rtexit2.o)
    0x080001aa   0x080001aa   0x00000006   Code   RO         4180    .ARM.Collect$$rtexit$$00000004  c_w.l(rtexit2.o)
    0x080001b0   0x080001b0   0x00000096   Code   RO         3119    .emb_text           port.o
    0x08000246   0x08000246   0x00000002   PAD
    0x08000248   0x08000248   0x00000040   Code   RO         2799    .text               startup_stm32f10x_md.o
    0x08000288   0x08000288   0x00000028   Code   RO         4017    .text               c_w.l(noretval__2sprintf.o)
    0x080002b0   0x080002b0   0x0000004e   Code   RO         4021    .text               c_w.l(_printf_pad.o)
    0x080002fe   0x080002fe   0x00000024   Code   RO         4023    .text               c_w.l(_printf_truncate.o)
    0x08000322   0x08000322   0x00000052   Code   RO         4025    .text               c_w.l(_printf_str.o)
    0x08000374   0x08000374   0x00000078   Code   RO         4027    .text               c_w.l(_printf_dec.o)
    0x080003ec   0x080003ec   0x00000188   Code   RO         4046    .text               c_w.l(__printf_flags_ss_wp.o)
    0x08000574   0x08000574   0x0000003c   Code   RO         4052    .text               c_w.l(__0sscanf.o)
    0x080005b0   0x080005b0   0x0000014c   Code   RO         4054    .text               c_w.l(_scanf_int.o)
    0x080006fc   0x080006fc   0x0000008a   Code   RO         4056    .text               c_w.l(rt_memcpy_v6.o)
    0x08000786   0x08000786   0x00000010   Code   RO         4058    .text               c_w.l(aeabi_memset.o)
    0x08000796   0x08000796   0x00000044   Code   RO         4060    .text               c_w.l(rt_memclr.o)
    0x080007da   0x080007da   0x00000006   Code   RO         4062    .text               c_w.l(heapauxi.o)
    0x080007e0   0x080007e0   0x000000b2   Code   RO         4067    .text               c_w.l(_printf_intcommon.o)
    0x08000892   0x08000892   0x00000002   PAD
    0x08000894   0x08000894   0x00000030   Code   RO         4069    .text               c_w.l(_printf_char_common.o)
    0x080008c4   0x080008c4   0x0000000a   Code   RO         4071    .text               c_w.l(_sputc.o)
    0x080008ce   0x080008ce   0x0000002c   Code   RO         4073    .text               c_w.l(_printf_char.o)
    0x080008fa   0x080008fa   0x0000001c   Code   RO         4076    .text               c_w.l(_chval.o)
    0x08000916   0x08000916   0x00000002   PAD
    0x08000918   0x08000918   0x0000002c   Code   RO         4078    .text               c_w.l(scanf_char.o)
    0x08000944   0x08000944   0x00000040   Code   RO         4080    .text               c_w.l(_sgetc.o)
    0x08000984   0x08000984   0x00000064   Code   RO         4082    .text               c_w.l(rt_memcpy_w.o)
    0x080009e8   0x080009e8   0x0000004e   Code   RO         4084    .text               c_w.l(rt_memclr_w.o)
    0x08000a36   0x08000a36   0x00000012   Code   RO         4101    .text               c_w.l(isspace.o)
    0x08000a48   0x08000a48   0x00000374   Code   RO         4105    .text               c_w.l(_scanf.o)
    0x08000dbc   0x08000dbc   0x0000004a   Code   RO         4107    .text               c_w.l(sys_stackheap_outer.o)
    0x08000e06   0x08000e06   0x00000002   PAD
    0x08000e08   0x08000e08   0x00000010   Code   RO         4109    .text               c_w.l(rt_ctype_table.o)
    0x08000e18   0x08000e18   0x00000012   Code   RO         4111    .text               c_w.l(exit.o)
    0x08000e2a   0x08000e2a   0x00000002   PAD
    0x08000e2c   0x08000e2c   0x00000008   Code   RO         4117    .text               c_w.l(libspace.o)
    0x08000e34   0x08000e34   0x0000000a   Code   RO         4127    .text               c_w.l(rt_locale_twolibspace.o)
    0x08000e3e   0x08000e3e   0x00000002   PAD
    0x08000e40   0x08000e40   0x00000080   Code   RO         4184    .text               c_w.l(strcmpv7m.o)
    0x08000ec0   0x08000ec0   0x0000000c   Code   RO         4190    .text               c_w.l(sys_exit.o)
    0x08000ecc   0x08000ecc   0x00000002   Code   RO         4201    .text               c_w.l(use_no_semi.o)
    0x08000ece   0x08000ece   0x00000000   Code   RO         4203    .text               c_w.l(indicate_semi.o)
    0x08000ece   0x08000ece   0x0000002c   Code   RO          441    i.Delay             delay.o
    0x08000efa   0x08000efa   0x00000002   PAD
    0x08000efc   0x08000efc   0x00000030   Code   RO          442    i.DelayMC           delay.o
    0x08000f2c   0x08000f2c   0x00000116   Code   RO         1499    i.GPIO_Init         stm32f10x_gpio.o
    0x08001042   0x08001042   0x00000018   Code   RO         1620    i.I2C_AcknowledgeConfig  stm32f10x_i2c.o
    0x0800105a   0x0800105a   0x0000002a   Code   RO         1622    i.I2C_CheckEvent    stm32f10x_i2c.o
    0x08001084   0x08001084   0x00000018   Code   RO         1625    i.I2C_Cmd           stm32f10x_i2c.o
    0x0800109c   0x0800109c   0x00000018   Code   RO         1632    i.I2C_GenerateSTART  stm32f10x_i2c.o
    0x080010b4   0x080010b4   0x00000018   Code   RO         1633    i.I2C_GenerateSTOP  stm32f10x_i2c.o
    0x080010cc   0x080010cc   0x0000003a   Code   RO         1634    i.I2C_GetFlagStatus  stm32f10x_i2c.o
    0x08001106   0x08001106   0x00000002   PAD
    0x08001108   0x08001108   0x000000ec   Code   RO         1639    i.I2C_Init          stm32f10x_i2c.o
    0x080011f4   0x080011f4   0x00000008   Code   RO         1644    i.I2C_ReceiveData   stm32f10x_i2c.o
    0x080011fc   0x080011fc   0x00000012   Code   RO         1646    i.I2C_Send7bitAddress  stm32f10x_i2c.o
    0x0800120e   0x0800120e   0x00000004   Code   RO         1647    i.I2C_SendData      stm32f10x_i2c.o
    0x08001212   0x08001212   0x00000002   PAD
    0x08001214   0x08001214   0x00000068   Code   RO          169    i.I2C_StartTransmission  i2c_lcd.o
    0x0800127c   0x0800127c   0x00000024   Code   RO          170    i.I2C_WriteData     i2c_lcd.o
    0x080012a0   0x080012a0   0x00000014   Code   RO          219    i.LCDI2C_backlight  liquidcrystal_i2c.o
    0x080012b4   0x080012b4   0x00000094   Code   RO          220    i.LCDI2C_begin      liquidcrystal_i2c.o
    0x08001348   0x08001348   0x00000012   Code   RO          224    i.LCDI2C_clear      liquidcrystal_i2c.o
    0x0800135a   0x0800135a   0x0000000e   Code   RO          225    i.LCDI2C_command    liquidcrystal_i2c.o
    0x08001368   0x08001368   0x00000020   Code   RO          230    i.LCDI2C_display    liquidcrystal_i2c.o
    0x08001388   0x08001388   0x00000030   Code   RO          231    i.LCDI2C_expanderWrite  liquidcrystal_i2c.o
    0x080013b8   0x080013b8   0x00000012   Code   RO          232    i.LCDI2C_home       liquidcrystal_i2c.o
    0x080013ca   0x080013ca   0x00000002   PAD
    0x080013cc   0x080013cc   0x00000030   Code   RO          233    i.LCDI2C_init       liquidcrystal_i2c.o
    0x080013fc   0x080013fc   0x00000022   Code   RO          241    i.LCDI2C_pulseEnable  liquidcrystal_i2c.o
    0x0800141e   0x0800141e   0x00000026   Code   RO          245    i.LCDI2C_send       liquidcrystal_i2c.o
    0x08001444   0x08001444   0x00000038   Code   RO          247    i.LCDI2C_setCursor  liquidcrystal_i2c.o
    0x0800147c   0x0800147c   0x0000000e   Code   RO          248    i.LCDI2C_write      liquidcrystal_i2c.o
    0x0800148a   0x0800148a   0x00000012   Code   RO          249    i.LCDI2C_write4bits  liquidcrystal_i2c.o
    0x0800149c   0x0800149c   0x0000001a   Code   RO          250    i.LCDI2C_write_String  liquidcrystal_i2c.o
    0x080014b6   0x080014b6   0x00000002   PAD
    0x080014b8   0x080014b8   0x00000020   Code   RO         1837    i.RCC_APB1PeriphClockCmd  stm32f10x_rcc.o
    0x080014d8   0x080014d8   0x00000020   Code   RO         1839    i.RCC_APB2PeriphClockCmd  stm32f10x_rcc.o
    0x080014f8   0x080014f8   0x000000d4   Code   RO         1847    i.RCC_GetClocksFreq  stm32f10x_rcc.o
    0x080015cc   0x080015cc   0x00000008   Code   RO         2806    i.SetSysClock       system_stm32f10x.o
    0x080015d4   0x080015d4   0x000000e0   Code   RO         2807    i.SetSysClockTo72   system_stm32f10x.o
    0x080016b4   0x080016b4   0x00000016   Code   RO          833    i.SysTick_Handler   cmsis_os2.o
    0x080016ca   0x080016ca   0x00000002   PAD
    0x080016cc   0x080016cc   0x00000060   Code   RO         2809    i.SystemInit        system_stm32f10x.o
    0x0800172c   0x0800172c   0x000000ec   Code   RO            4    i.Task_LCD          main.o
    0x08001818   0x08001818   0x0000000c   Code   RO            5    i.UARTx_Getc        main.o
    0x08001824   0x08001824   0x00000034   Code   RO            6    i.USART1_IRQHandler  main.o
    0x08001858   0x08001858   0x00000018   Code   RO         2611    i.USART_Cmd         stm32f10x_usart.o
    0x08001870   0x08001870   0x00000054   Code   RO         2615    i.USART_GetITStatus  stm32f10x_usart.o
    0x080018c4   0x080018c4   0x0000004a   Code   RO         2617    i.USART_ITConfig    stm32f10x_usart.o
    0x0800190e   0x0800190e   0x00000002   PAD
    0x08001910   0x08001910   0x000000d8   Code   RO         2618    i.USART_Init        stm32f10x_usart.o
    0x080019e8   0x080019e8   0x0000000a   Code   RO         2625    i.USART_ReceiveData  stm32f10x_usart.o
    0x080019f2   0x080019f2   0x0000000e   Code   RO         4039    i._is_digit         c_w.l(__printf_wp.o)
    0x08001a00   0x08001a00   0x00000016   Code   RO          766    i._mutex_acquire    clib_arm.o
    0x08001a16   0x08001a16   0x00000002   PAD
    0x08001a18   0x08001a18   0x00000034   Code   RO          767    i._mutex_free       clib_arm.o
    0x08001a4c   0x08001a4c   0x00000060   Code   RO          768    i._mutex_initialize  clib_arm.o
    0x08001aac   0x08001aac   0x00000018   Code   RO          769    i._mutex_release    clib_arm.o
    0x08001ac4   0x08001ac4   0x00000002   Code   RO          770    i._platform_post_stackheap_init  clib_arm.o
    0x08001ac6   0x08001ac6   0x00000014   Code   RO          471    i.bcd2bin           ds1307.o
    0x08001ada   0x08001ada   0x0000001c   Code   RO          472    i.bin2bcd           ds1307.o
    0x08001af6   0x08001af6   0x00000016   Code   RO          473    i.check_min_max     ds1307.o
    0x08001b0c   0x08001b0c   0x00000028   Code   RO          475    i.ds1307_get_calendar_date  ds1307.o
    0x08001b34   0x08001b34   0x00000016   Code   RO          476    i.ds1307_get_date   ds1307.o
    0x08001b4a   0x08001b4a   0x00000016   Code   RO          477    i.ds1307_get_day    ds1307.o
    0x08001b60   0x08001b60   0x0000001a   Code   RO          480    i.ds1307_get_hours_24  ds1307.o
    0x08001b7a   0x08001b7a   0x00000016   Code   RO          481    i.ds1307_get_minutes  ds1307.o
    0x08001b90   0x08001b90   0x00000016   Code   RO          482    i.ds1307_get_month  ds1307.o
    0x08001ba6   0x08001ba6   0x00000016   Code   RO          483    i.ds1307_get_seconds  ds1307.o
    0x08001bbc   0x08001bbc   0x0000001c   Code   RO          485    i.ds1307_get_time_24  ds1307.o
    0x08001bd8   0x08001bd8   0x00000016   Code   RO          486    i.ds1307_get_year   ds1307.o
    0x08001bee   0x08001bee   0x00000008   Code   RO          487    i.ds1307_init       ds1307.o
    0x08001bf6   0x08001bf6   0x00000028   Code   RO          488    i.ds1307_set_calendar_date  ds1307.o
    0x08001c1e   0x08001c1e   0x00000022   Code   RO          489    i.ds1307_set_date   ds1307.o
    0x08001c40   0x08001c40   0x00000022   Code   RO          490    i.ds1307_set_day    ds1307.o
    0x08001c62   0x08001c62   0x00000022   Code   RO          492    i.ds1307_set_hours_24  ds1307.o
    0x08001c84   0x08001c84   0x00000022   Code   RO          493    i.ds1307_set_minutes  ds1307.o
    0x08001ca6   0x08001ca6   0x00000022   Code   RO          494    i.ds1307_set_month  ds1307.o
    0x08001cc8   0x08001cc8   0x00000022   Code   RO          495    i.ds1307_set_seconds  ds1307.o
    0x08001cea   0x08001cea   0x0000001c   Code   RO          497    i.ds1307_set_time_24  ds1307.o
    0x08001d06   0x08001d06   0x00000022   Code   RO          498    i.ds1307_set_year   ds1307.o
    0x08001d28   0x08001d28   0x00000044   Code   RO          657    i.i2c_address_direction  i2c_ds1307.o
    0x08001d6c   0x08001d6c   0x00000034   Code   RO          658    i.i2c_ds1307_start  i2c_ds1307.o
    0x08001da0   0x08001da0   0x00000010   Code   RO          659    i.i2c_ds1307_stop   i2c_ds1307.o
    0x08001db0   0x08001db0   0x00000074   Code   RO          660    i.i2c_init_ds1307   i2c_ds1307.o
    0x08001e24   0x08001e24   0x0000003a   Code   RO          664    i.i2c_read_with_reg  i2c_ds1307.o
    0x08001e5e   0x08001e5e   0x00000002   PAD
    0x08001e60   0x08001e60   0x00000028   Code   RO          666    i.i2c_receive_nack  i2c_ds1307.o
    0x08001e88   0x08001e88   0x00000024   Code   RO          667    i.i2c_transmit      i2c_ds1307.o
    0x08001eac   0x08001eac   0x00000028   Code   RO          671    i.i2c_write_with_reg  i2c_ds1307.o
    0x08001ed4   0x08001ed4   0x00000070   Code   RO          171    i.init_I2C1         i2c_lcd.o
    0x08001f44   0x08001f44   0x0000006c   Code   RO            7    i.main              main.o
    0x08001fb0   0x08001fb0   0x00000012   Code   RO          771    i.os_kernel_is_active  clib_arm.o
    0x08001fc2   0x08001fc2   0x00000002   PAD
    0x08001fc4   0x08001fc4   0x000000a4   Code   RO         3439    i.prvAddCurrentTaskToDelayedList  tasks.o
    0x08002068   0x08002068   0x000000e8   Code   RO         3440    i.prvAddNewTaskToReadyList  tasks.o
    0x08002150   0x08002150   0x0000005c   Code   RO         3836    i.prvCheckForValidListAndQueue  timers.o
    0x080021ac   0x080021ac   0x00000048   Code   RO         3441    i.prvCheckTasksWaitingTermination  tasks.o
    0x080021f4   0x080021f4   0x0000002a   Code   RO         3202    i.prvCopyDataFromQueue  queue.o
    0x0800221e   0x0800221e   0x0000007e   Code   RO         3203    i.prvCopyDataToQueue  queue.o
    0x0800229c   0x0800229c   0x00000028   Code   RO         3442    i.prvDeleteTCB      tasks.o
    0x080022c4   0x080022c4   0x00000014   Code   RO         3204    i.prvGetDisinheritPriorityAfterTimeout  queue.o
    0x080022d8   0x080022d8   0x00000028   Code   RO         3837    i.prvGetNextExpireTime  timers.o
    0x08002300   0x08002300   0x0000007c   Code   RO         3052    i.prvHeapInit       heap_4.o
    0x0800237c   0x0800237c   0x00000028   Code   RO         3443    i.prvIdleTask       tasks.o
    0x080023a4   0x080023a4   0x0000001e   Code   RO         3205    i.prvInitialiseMutex  queue.o
    0x080023c2   0x080023c2   0x0000002a   Code   RO         3206    i.prvInitialiseNewQueue  queue.o
    0x080023ec   0x080023ec   0x0000009a   Code   RO         3444    i.prvInitialiseNewTask  tasks.o
    0x08002486   0x08002486   0x00000002   PAD
    0x08002488   0x08002488   0x00000068   Code   RO         3445    i.prvInitialiseTaskLists  tasks.o
    0x080024f0   0x080024f0   0x00000068   Code   RO         3053    i.prvInsertBlockIntoFreeList  heap_4.o
    0x08002558   0x08002558   0x00000058   Code   RO         3839    i.prvInsertTimerInActiveList  timers.o
    0x080025b0   0x080025b0   0x0000001a   Code   RO         3207    i.prvIsQueueEmpty   queue.o
    0x080025ca   0x080025ca   0x0000001e   Code   RO         3208    i.prvIsQueueFull    queue.o
    0x080025e8   0x080025e8   0x00000044   Code   RO         3840    i.prvProcessExpiredTimer  timers.o
    0x0800262c   0x0800262c   0x00000110   Code   RO         3841    i.prvProcessReceivedCommands  timers.o
    0x0800273c   0x0800273c   0x00000074   Code   RO         3842    i.prvProcessTimerOrBlockTask  timers.o
    0x080027b0   0x080027b0   0x00000028   Code   RO         3843    i.prvReloadTimer    timers.o
    0x080027d8   0x080027d8   0x00000030   Code   RO         3447    i.prvResetNextTaskUnblockTime  tasks.o
    0x08002808   0x08002808   0x0000002c   Code   RO         3844    i.prvSampleTimeNow  timers.o
    0x08002834   0x08002834   0x00000044   Code   RO         3845    i.prvSwitchTimerLists  timers.o
    0x08002878   0x08002878   0x00000016   Code   RO         3120    i.prvTaskExitError  port.o
    0x0800288e   0x0800288e   0x0000001a   Code   RO         3846    i.prvTimerTask      timers.o
    0x080028a8   0x080028a8   0x0000007e   Code   RO         3209    i.prvUnlockQueue    queue.o
    0x08002926   0x08002926   0x00000002   PAD
    0x08002928   0x08002928   0x000000fc   Code   RO         3054    i.pvPortMalloc      heap_4.o
    0x08002a24   0x08002a24   0x00000020   Code   RO         3450    i.pvTaskIncrementMutexHeldCount  tasks.o
    0x08002a44   0x08002a44   0x00000024   Code   RO         3121    i.pxPortInitialiseStack  port.o
    0x08002a68   0x08002a68   0x000000b8   Code   RO            8    i.uart_Init         main.o
    0x08002b20   0x08002b20   0x0000010c   Code   RO            9    i.uart_setTime      main.o
    0x08002c2c   0x08002c2c   0x00000028   Code   RO         3001    i.uxListRemove      list.o
    0x08002c54   0x08002c54   0x00000018   Code   RO          906    i.vApplicationGetIdleTaskMemory  cmsis_os2.o
    0x08002c6c   0x08002c6c   0x00000018   Code   RO          907    i.vApplicationGetTimerTaskMemory  cmsis_os2.o
    0x08002c84   0x08002c84   0x00000002   Code   RO          908    i.vApplicationStackOverflowHook  cmsis_os2.o
    0x08002c86   0x08002c86   0x0000001a   Code   RO         3002    i.vListInitialise   list.o
    0x08002ca0   0x08002ca0   0x00000006   Code   RO         3003    i.vListInitialiseItem  list.o
    0x08002ca6   0x08002ca6   0x00000034   Code   RO         3004    i.vListInsert       list.o
    0x08002cda   0x08002cda   0x00000002   PAD
    0x08002cdc   0x08002cdc   0x00000024   Code   RO         3123    i.vPortEnterCritical  port.o
    0x08002d00   0x08002d00   0x00000020   Code   RO         3124    i.vPortExitCritical  port.o
    0x08002d20   0x08002d20   0x00000058   Code   RO         3055    i.vPortFree         heap_4.o
    0x08002d78   0x08002d78   0x00000028   Code   RO         3125    i.vPortSetupTimerInterrupt  port.o
    0x08002da0   0x08002da0   0x00000014   Code   RO         3215    i.vQueueDelete      queue.o
    0x08002db4   0x08002db4   0x0000004a   Code   RO         3217    i.vQueueWaitForMessageRestricted  queue.o
    0x08002dfe   0x08002dfe   0x00000002   PAD
    0x08002e00   0x08002e00   0x00000034   Code   RO         3460    i.vTaskDelay        tasks.o
    0x08002e34   0x08002e34   0x00000018   Code   RO         3465    i.vTaskInternalSetTimeOutState  tasks.o
    0x08002e4c   0x08002e4c   0x0000000c   Code   RO         3466    i.vTaskMissedYield  tasks.o
    0x08002e58   0x08002e58   0x00000020   Code   RO         3467    i.vTaskPlaceOnEventList  tasks.o
    0x08002e78   0x08002e78   0x0000004c   Code   RO         3468    i.vTaskPlaceOnEventListRestricted  tasks.o
    0x08002ec4   0x08002ec4   0x000000c0   Code   RO         3470    i.vTaskPriorityDisinheritAfterTimeout  tasks.o
    0x08002f84   0x08002f84   0x0000009c   Code   RO         3476    i.vTaskStartScheduler  tasks.o
    0x08003020   0x08003020   0x00000010   Code   RO         3478    i.vTaskSuspendAll   tasks.o
    0x08003030   0x08003030   0x000000b0   Code   RO         3479    i.vTaskSwitchContext  tasks.o
    0x080030e0   0x080030e0   0x00000034   Code   RO         3126    i.xPortStartScheduler  port.o
    0x08003114   0x08003114   0x00000034   Code   RO         3127    i.xPortSysTickHandler  port.o
    0x08003148   0x08003148   0x00000022   Code   RO         3220    i.xQueueCreateMutex  queue.o
    0x0800316a   0x0800316a   0x0000002a   Code   RO         3221    i.xQueueCreateMutexStatic  queue.o
    0x08003194   0x08003194   0x00000052   Code   RO         3222    i.xQueueGenericCreate  queue.o
    0x080031e6   0x080031e6   0x0000003e   Code   RO         3223    i.xQueueGenericCreateStatic  queue.o
    0x08003224   0x08003224   0x000000a0   Code   RO         3224    i.xQueueGenericReset  queue.o
    0x080032c4   0x080032c4   0x00000118   Code   RO         3225    i.xQueueGenericSend  queue.o
    0x080033dc   0x080033dc   0x00000104   Code   RO         3235    i.xQueueReceive     queue.o
    0x080034e0   0x080034e0   0x00000130   Code   RO         3237    i.xQueueSemaphoreTake  queue.o
    0x08003610   0x08003610   0x00000060   Code   RO         3481    i.xTaskCheckForTimeOut  tasks.o
    0x08003670   0x08003670   0x00000064   Code   RO         3482    i.xTaskCreate       tasks.o
    0x080036d4   0x080036d4   0x0000004e   Code   RO         3483    i.xTaskCreateStatic  tasks.o
    0x08003722   0x08003722   0x00000002   PAD
    0x08003724   0x08003724   0x00000020   Code   RO         3490    i.xTaskGetSchedulerState  tasks.o
    0x08003744   0x08003744   0x0000000c   Code   RO         3491    i.xTaskGetTickCount  tasks.o
    0x08003750   0x08003750   0x00000190   Code   RO         3493    i.xTaskIncrementTick  tasks.o
    0x080038e0   0x080038e0   0x00000094   Code   RO         3494    i.xTaskPriorityDisinherit  tasks.o
    0x08003974   0x08003974   0x000000d8   Code   RO         3495    i.xTaskPriorityInherit  tasks.o
    0x08003a4c   0x08003a4c   0x00000108   Code   RO         3496    i.xTaskRemoveFromEventList  tasks.o
    0x08003b54   0x08003b54   0x00000158   Code   RO         3497    i.xTaskResumeAll    tasks.o
    0x08003cac   0x08003cac   0x00000060   Code   RO         3855    i.xTimerCreateTimerTask  timers.o
    0x08003d0c   0x08003d0c   0x0000002c   Code   RO         4130    locale$$code        c_w.l(lc_ctype_c.o)
    0x08003d38   0x08003d38   0x00000010   Data   RO          251    .constdata          liquidcrystal_i2c.o
    0x08003d48   0x08003d48   0x00000011   Data   RO         4047    .constdata          c_w.l(__printf_flags_ss_wp.o)
    0x08003d59   0x08003d59   0x00000003   PAD
    0x08003d5c   0x08003d5c   0x0000001c   Data   RO           11    .conststring        main.o
    0x08003d78   0x08003d78   0x00000020   Data   RO         4256    Region$$Table       anon$$obj.o
    0x08003d98   0x08003d98   0x00000110   Data   RO         4129    locale$$data        c_w.l(lc_ctype_c.o)


    Execution Region RW_IRAM1 (Exec base: 0x20000000, Load base: 0x08003ea8, Size: 0x00003570, Max: 0x00005000, ABSOLUTE)

    Exec Addr    Load Addr    Size         Type   Attr      Idx    E Section Name        Object

    0x20000000   0x08003ea8   0x0000003c   Data   RW           12    .data               main.o
    0x2000003c   0x08003ee4   0x00000004   Data   RW          173    .data               i2c_lcd.o
    0x20000040   0x08003ee8   0x00000008   Data   RW          252    .data               liquidcrystal_i2c.o
    0x20000048   0x08003ef0   0x00000014   Data   RW         1867    .data               stm32f10x_rcc.o
    0x2000005c   0x08003f04   0x00000014   Data   RW         2810    .data               system_stm32f10x.o
    0x20000070   0x08003f18   0x00000020   Data   RW         3061    .data               heap_4.o
    0x20000090   0x08003f38   0x00000004   Data   RW         3128    .data               port.o
    0x20000094   0x08003f3c   0x00000040   Data   RW         3500    .data               tasks.o
    0x200000d4   0x08003f7c   0x00000014   Data   RW         3864    .data               timers.o
    0x200000e8        -       0x000000fa   Zero   RW           10    .bss                main.o
    0x200001e2   0x08003f90   0x00000002   PAD
    0x200001e4        -       0x00000010   Zero   RW          172    .bss                i2c_lcd.o
    0x200001f4        -       0x00000394   Zero   RW          772    .bss                clib_arm.o
    0x20000588        -       0x000003f8   Zero   RW          909    .bss                cmsis_os2.o
    0x20000980        -       0x00002000   Zero   RW         3060    .bss                heap_4.o
    0x20002980        -       0x000004c4   Zero   RW         3499    .bss                tasks.o
    0x20002e44        -       0x000000c8   Zero   RW         3863    .bss                timers.o
    0x20002f0c        -       0x00000060   Zero   RW         4118    .bss                c_w.l(libspace.o)
    0x20002f6c   0x08003f90   0x00000004   PAD
    0x20002f70        -       0x00000200   Zero   RW         2797    HEAP                startup_stm32f10x_md.o
    0x20003170        -       0x00000400   Zero   RW         2796    STACK               startup_stm32f10x_md.o


==============================================================================

Image component sizes


      Code (inc. data)   RO Data    RW Data    ZI Data      Debug   Object Name

       214         16          0          0        916       7724   clib_arm.o
        72         20          0          0       1016      30791   cmsis_os2.o
        92          6          0          0          0       1494   delay.o
       610          0          0          0          0      10942   ds1307.o
         0          0          0          0          0      11932   event_groups.o
       568         72          0         32       8192       4231   heap_4.o
       426         56          0          0          0       4286   i2c_ds1307.o
       252         34          0          4         16       2311   i2c_lcd.o
       532         38         16          8          0       7222   liquidcrystal_i2c.o
       124          0          0          0          0      12233   list.o
       860        244         28         60        250     297463   main.o
       420         48          0          4          0       9268   port.o
      1760         16          0          0          0      18343   queue.o
        64         26        236          0       1536        792   startup_stm32f10x_md.o
       278          0          0          0          0       2172   stm32f10x_gpio.o
       462         14          0          0          0       8540   stm32f10x_i2c.o
       276         32          0         20          0       4790   stm32f10x_rcc.o
       408          6          0          0          0       5482   stm32f10x_usart.o
       328         28          0         20          0       2157   system_stm32f10x.o
      3312        372          0         64       1220      45749   tasks.o
       950        110          0         20        200      11704   timers.o

    ----------------------------------------------------------------------
     12040       1138        312        232      13348     499626   Object Totals
         0          0         32          0          0          0   (incl. Generated)
        32          0          0          0          2          0   (incl. Padding)

    ----------------------------------------------------------------------

      Code (inc. data)   RO Data    RW Data    ZI Data      Debug   Library Member Name

        60          8          0          0          0         84   __0sscanf.o
         8          0          0          0          0         68   __main.o
       392          4         17          0          0         92   __printf_flags_ss_wp.o
        14          0          0          0          0         68   __printf_wp.o
         0          0          0          0          0          0   __rtentry.o
        20          0          0          0          0          0   __rtentry2.o
         6          0          0          0          0          0   __rtentry4.o
        52          8          0          0          0          0   __scatter.o
        26          0          0          0          0          0   __scatter_copy.o
        28          0          0          0          0          0   __scatter_zi.o
        28          0          0          0          0         68   _chval.o
        44          0          0          0          0        108   _printf_char.o
        48          6          0          0          0         96   _printf_char_common.o
       120         16          0          0          0         92   _printf_dec.o
       178          0          0          0          0         88   _printf_intcommon.o
        78          0          0          0          0        108   _printf_pad.o
         0          0          0          0          0          0   _printf_percent.o
         4          0          0          0          0          0   _printf_percent_end.o
         6          0          0          0          0          0   _printf_s.o
        82          0          0          0          0         80   _printf_str.o
        36          0          0          0          0         84   _printf_truncate.o
         6          0          0          0          0          0   _printf_u.o
       884          6          0          0          0        100   _scanf.o
       332          0          0          0          0         96   _scanf_int.o
        64          0          0          0          0         84   _sgetc.o
        10          0          0          0          0         68   _sputc.o
        16          0          0          0          0         68   aeabi_memset.o
        18          0          0          0          0         80   exit.o
         6          0          0          0          0        152   heapauxi.o
         0          0          0          0          0          0   indicate_semi.o
        18          0          0          0          0         76   isspace.o
        44         10        272          0          0         76   lc_ctype_c.o
         2          0          0          0          0          0   libinit.o
        20          0          0          0          0          0   libinit2.o
         2          0          0          0          0          0   libshutdown.o
         2          0          0          0          0          0   libshutdown2.o
         8          4          0          0         96         68   libspace.o
        40          6          0          0          0         84   noretval__2sprintf.o
        16          4          0          0          0         76   rt_ctype_table.o
        10          0          0          0          0         76   rt_locale_twolibspace.o
        68          0          0          0          0         68   rt_memclr.o
        78          0          0          0          0         80   rt_memclr_w.o
       138          0          0          0          0         68   rt_memcpy_v6.o
       100          0          0          0          0         80   rt_memcpy_w.o
         2          0          0          0          0          0   rtexit.o
        10          0          0          0          0          0   rtexit2.o
        44          8          0          0          0         84   scanf_char.o
       128          0          0          0          0         68   strcmpv7m.o
        12          4          0          0          0         68   sys_exit.o
        74          0          0          0          0         80   sys_stackheap_outer.o
         2          0          0          0          0         68   use_no_semi.o

    ----------------------------------------------------------------------
      3396         84        292          0        100       2804   Library Totals
        12          0          3          0          4          0   (incl. Padding)

    ----------------------------------------------------------------------

      Code (inc. data)   RO Data    RW Data    ZI Data      Debug   Library Name

      3384         84        289          0         96       2804   c_w.l

    ----------------------------------------------------------------------
      3396         84        292          0        100       2804   Library Totals

    ----------------------------------------------------------------------

==============================================================================


      Code (inc. data)   RO Data    RW Data    ZI Data      Debug   

     15436       1222        604        232      13448     492702   Grand Totals
     15436       1222        604        232      13448     492702   ELF Image Totals
     15436       1222        604        232          0          0   ROM Totals

==============================================================================

    Total RO  Size (Code + RO Data)                16040 (  15.66kB)
    Total RW  Size (RW Data + ZI Data)             13680 (  13.36kB)
    Total ROM Size (Code + RO Data + RW Data)      16272 (  15.89kB)

==============================================================================

